Simulator report for lab2_2
Wed Oct 19 11:52:53 2022
Quartus II Version 8.1 Build 163 10/28/2008 SJ Web Edition


---------------------
; Table of Contents ;
---------------------
  1. Legal Notice
  2. Simulator Summary
  3. Simulator Settings
  4. Simulation Waveforms
  5. Coverage Summary
  6. Complete 1/0-Value Coverage
  7. Missing 1-Value Coverage
  8. Missing 0-Value Coverage
  9. Simulator INI Usage
 10. Simulator Messages



----------------
; Legal Notice ;
----------------
Copyright (C) 1991-2008 Altera Corporation
Your use of Altera Corporation's design tools, logic functions 
and other software and tools, and its AMPP partner logic 
functions, and any output files from any of the foregoing 
(including device programming or simulation files), and any 
associated documentation or information are expressly subject 
to the terms and conditions of the Altera Program License 
Subscription Agreement, Altera MegaCore Function License 
Agreement, or other applicable license agreement, including, 
without limitation, that your use is for the sole purpose of 
programming logic devices manufactured by Altera and sold by 
Altera or its authorized distributors.  Please refer to the 
applicable agreement for further details.



+--------------------------------------------+
; Simulator Summary                          ;
+-----------------------------+--------------+
; Type                        ; Value        ;
+-----------------------------+--------------+
; Simulation Start Time       ; 0 ps         ;
; Simulation End Time         ; 1.0 us       ;
; Simulation Netlist Size     ; 133 nodes    ;
; Simulation Coverage         ;      57.78 % ;
; Total Number of Transitions ; 2146         ;
; Simulation Breakpoints      ; 0            ;
; Family                      ; MAX II       ;
; Device                      ; EPM240T100C5 ;
+-----------------------------+--------------+


+---------------------------------------------------------------------------------------------------------------------------+
; Simulator Settings                                                                                                        ;
+--------------------------------------------------------------------------------------------+--------------+---------------+
; Option                                                                                     ; Setting      ; Default Value ;
+--------------------------------------------------------------------------------------------+--------------+---------------+
; Simulation mode                                                                            ; Timing       ; Timing        ;
; Start time                                                                                 ; 0 ns         ; 0 ns          ;
; Simulation results format                                                                  ; CVWF         ;               ;
; Vector input source                                                                        ; w210_mul.vwf ;               ;
; Add pins automatically to simulation output waveforms                                      ; On           ; On            ;
; Check outputs                                                                              ; Off          ; Off           ;
; Report simulation coverage                                                                 ; On           ; On            ;
; Display complete 1/0 value coverage report                                                 ; On           ; On            ;
; Display missing 1-value coverage report                                                    ; On           ; On            ;
; Display missing 0-value coverage report                                                    ; On           ; On            ;
; Detect setup and hold time violations                                                      ; Off          ; Off           ;
; Detect glitches                                                                            ; Off          ; Off           ;
; Disable timing delays in Timing Simulation                                                 ; Off          ; Off           ;
; Generate Signal Activity File                                                              ; Off          ; Off           ;
; Generate VCD File for PowerPlay Power Analyzer                                             ; Off          ; Off           ;
; Group bus channels in simulation results                                                   ; Off          ; Off           ;
; Preserve fewer signal transitions to reduce memory requirements                            ; On           ; On            ;
; Trigger vector comparison with the specified mode                                          ; INPUT_EDGE   ; INPUT_EDGE    ;
; Disable setup and hold time violations detection in input registers of bi-directional pins ; Off          ; Off           ;
; Overwrite Waveform Inputs With Simulation Outputs                                          ; Off          ;               ;
; Perform Glitch Filtering in Timing Simulation                                              ; Auto         ; Auto          ;
+--------------------------------------------------------------------------------------------+--------------+---------------+


+----------------------+
; Simulation Waveforms ;
+----------------------+
Waveform report data cannot be output to ASCII.
Please use Quartus II to view the waveform report data.


+--------------------------------------------------------------------+
; Coverage Summary                                                   ;
+-----------------------------------------------------+--------------+
; Type                                                ; Value        ;
+-----------------------------------------------------+--------------+
; Total coverage as a percentage                      ;      57.78 % ;
; Total nodes checked                                 ; 133          ;
; Total output ports checked                          ; 225          ;
; Total output ports with complete 1/0-value coverage ; 130          ;
; Total output ports with no 1/0-value coverage       ; 85           ;
; Total output ports with no 1-value coverage         ; 89           ;
; Total output ports with no 0-value coverage         ; 91           ;
+-----------------------------------------------------+--------------+


The following table displays output ports that toggle between 1 and 0 during simulation.
+------------------------------------------------------------------------------------------------------------------------------------------------------------------------------------------------------+
; Complete 1/0-Value Coverage                                                                                                                                                                          ;
+-------------------------------------------------------------------------------------+---------------------------------------------------------------------------------------------+------------------+
; Node Name                                                                           ; Output Port Name                                                                            ; Output Port Type ;
+-------------------------------------------------------------------------------------+---------------------------------------------------------------------------------------------+------------------+
; |vs210_mul|v210_mul:inst|lpm_mult:Mult0|mult_5f01:auto_generated|op_5~95            ; |vs210_mul|v210_mul:inst|lpm_mult:Mult0|mult_5f01:auto_generated|op_5~96                    ; cout0            ;
; |vs210_mul|v210_mul:inst|lpm_mult:Mult0|mult_5f01:auto_generated|op_5~97            ; |vs210_mul|v210_mul:inst|lpm_mult:Mult0|mult_5f01:auto_generated|op_5~97                    ; combout          ;
; |vs210_mul|v210_mul:inst|lpm_mult:Mult0|mult_5f01:auto_generated|op_5~97            ; |vs210_mul|v210_mul:inst|lpm_mult:Mult0|mult_5f01:auto_generated|op_5~98                    ; cout0            ;
; |vs210_mul|v210_mul:inst|lpm_mult:Mult0|mult_5f01:auto_generated|op_5~99            ; |vs210_mul|v210_mul:inst|lpm_mult:Mult0|mult_5f01:auto_generated|op_5~99                    ; combout          ;
; |vs210_mul|v210_mul:inst|lpm_mult:Mult0|mult_5f01:auto_generated|op_5~99            ; |vs210_mul|v210_mul:inst|lpm_mult:Mult0|mult_5f01:auto_generated|op_5~100                   ; cout             ;
; |vs210_mul|v210_mul:inst|lpm_mult:Mult0|mult_5f01:auto_generated|op_5~101           ; |vs210_mul|v210_mul:inst|lpm_mult:Mult0|mult_5f01:auto_generated|op_5~101                   ; combout          ;
; |vs210_mul|v210_mul:inst|lpm_mult:Mult0|mult_5f01:auto_generated|op_5~101           ; |vs210_mul|v210_mul:inst|lpm_mult:Mult0|mult_5f01:auto_generated|op_5~102                   ; cout0            ;
; |vs210_mul|v210_mul:inst|lpm_mult:Mult0|mult_5f01:auto_generated|op_5~101           ; |vs210_mul|v210_mul:inst|lpm_mult:Mult0|mult_5f01:auto_generated|op_5~102COUT1_157          ; cout1            ;
; |vs210_mul|v210_mul:inst|lpm_mult:Mult0|mult_5f01:auto_generated|op_5~103           ; |vs210_mul|v210_mul:inst|lpm_mult:Mult0|mult_5f01:auto_generated|op_5~103                   ; combout          ;
; |vs210_mul|v210_mul:inst|lpm_mult:Mult0|mult_5f01:auto_generated|op_5~103           ; |vs210_mul|v210_mul:inst|lpm_mult:Mult0|mult_5f01:auto_generated|op_5~104                   ; cout0            ;
; |vs210_mul|v210_mul:inst|lpm_mult:Mult0|mult_5f01:auto_generated|op_5~103           ; |vs210_mul|v210_mul:inst|lpm_mult:Mult0|mult_5f01:auto_generated|op_5~104COUT1_155          ; cout1            ;
; |vs210_mul|v210_mul:inst|lpm_mult:Mult0|mult_5f01:auto_generated|op_5~105           ; |vs210_mul|v210_mul:inst|lpm_mult:Mult0|mult_5f01:auto_generated|op_5~105                   ; combout          ;
; |vs210_mul|v210_mul:inst|lpm_mult:Mult0|mult_5f01:auto_generated|op_5~105           ; |vs210_mul|v210_mul:inst|lpm_mult:Mult0|mult_5f01:auto_generated|op_5~106                   ; cout0            ;
; |vs210_mul|v210_mul:inst|lpm_mult:Mult0|mult_5f01:auto_generated|op_5~105           ; |vs210_mul|v210_mul:inst|lpm_mult:Mult0|mult_5f01:auto_generated|op_5~106COUT1_153          ; cout1            ;
; |vs210_mul|v210_mul:inst|lpm_mult:Mult0|mult_5f01:auto_generated|op_5~107           ; |vs210_mul|v210_mul:inst|lpm_mult:Mult0|mult_5f01:auto_generated|op_5~107                   ; combout          ;
; |vs210_mul|v210_mul:inst|lpm_mult:Mult0|mult_5f01:auto_generated|op_5~107           ; |vs210_mul|v210_mul:inst|lpm_mult:Mult0|mult_5f01:auto_generated|op_5~108                   ; cout0            ;
; |vs210_mul|v210_mul:inst|lpm_mult:Mult0|mult_5f01:auto_generated|op_5~107           ; |vs210_mul|v210_mul:inst|lpm_mult:Mult0|mult_5f01:auto_generated|op_5~108COUT1_151          ; cout1            ;
; |vs210_mul|v210_mul:inst|lpm_mult:Mult0|mult_5f01:auto_generated|op_5~109           ; |vs210_mul|v210_mul:inst|lpm_mult:Mult0|mult_5f01:auto_generated|op_5~109                   ; combout          ;
; |vs210_mul|v210_mul:inst|lpm_mult:Mult0|mult_5f01:auto_generated|op_5~109           ; |vs210_mul|v210_mul:inst|lpm_mult:Mult0|mult_5f01:auto_generated|op_5~110                   ; cout             ;
; |vs210_mul|v210_mul:inst|lpm_mult:Mult0|mult_5f01:auto_generated|op_5~111           ; |vs210_mul|v210_mul:inst|lpm_mult:Mult0|mult_5f01:auto_generated|op_5~111                   ; combout          ;
; |vs210_mul|v210_mul:inst|lpm_mult:Mult0|mult_5f01:auto_generated|op_5~111           ; |vs210_mul|v210_mul:inst|lpm_mult:Mult0|mult_5f01:auto_generated|op_5~112                   ; cout0            ;
; |vs210_mul|v210_mul:inst|lpm_mult:Mult0|mult_5f01:auto_generated|op_5~111           ; |vs210_mul|v210_mul:inst|lpm_mult:Mult0|mult_5f01:auto_generated|op_5~112COUT1_149          ; cout1            ;
; |vs210_mul|v210_mul:inst|lpm_mult:Mult0|mult_5f01:auto_generated|op_5~113           ; |vs210_mul|v210_mul:inst|lpm_mult:Mult0|mult_5f01:auto_generated|op_5~113                   ; combout          ;
; |vs210_mul|v210_mul:inst|lpm_mult:Mult0|mult_5f01:auto_generated|op_5~113           ; |vs210_mul|v210_mul:inst|lpm_mult:Mult0|mult_5f01:auto_generated|op_5~114                   ; cout0            ;
; |vs210_mul|v210_mul:inst|lpm_mult:Mult0|mult_5f01:auto_generated|op_5~113           ; |vs210_mul|v210_mul:inst|lpm_mult:Mult0|mult_5f01:auto_generated|op_5~114COUT1_147          ; cout1            ;
; |vs210_mul|v210_mul:inst|lpm_mult:Mult0|mult_5f01:auto_generated|op_5~115           ; |vs210_mul|v210_mul:inst|lpm_mult:Mult0|mult_5f01:auto_generated|op_5~115                   ; combout          ;
; |vs210_mul|v210_mul:inst|lpm_mult:Mult0|mult_5f01:auto_generated|op_5~115           ; |vs210_mul|v210_mul:inst|lpm_mult:Mult0|mult_5f01:auto_generated|op_5~116                   ; cout0            ;
; |vs210_mul|v210_mul:inst|lpm_mult:Mult0|mult_5f01:auto_generated|op_5~115           ; |vs210_mul|v210_mul:inst|lpm_mult:Mult0|mult_5f01:auto_generated|op_5~116COUT1_145          ; cout1            ;
; |vs210_mul|v210_mul:inst|lpm_mult:Mult0|mult_5f01:auto_generated|op_5~117           ; |vs210_mul|v210_mul:inst|lpm_mult:Mult0|mult_5f01:auto_generated|op_5~117                   ; combout          ;
; |vs210_mul|v210_mul:inst|lpm_mult:Mult0|mult_5f01:auto_generated|op_5~117           ; |vs210_mul|v210_mul:inst|lpm_mult:Mult0|mult_5f01:auto_generated|op_5~118                   ; cout0            ;
; |vs210_mul|v210_mul:inst|lpm_mult:Mult0|mult_5f01:auto_generated|op_5~117           ; |vs210_mul|v210_mul:inst|lpm_mult:Mult0|mult_5f01:auto_generated|op_5~118COUT1_143          ; cout1            ;
; |vs210_mul|v210_mul:inst|lpm_mult:Mult0|mult_5f01:auto_generated|op_5~119           ; |vs210_mul|v210_mul:inst|lpm_mult:Mult0|mult_5f01:auto_generated|op_5~119                   ; combout          ;
; |vs210_mul|v210_mul:inst|lpm_mult:Mult0|mult_5f01:auto_generated|op_5~119           ; |vs210_mul|v210_mul:inst|lpm_mult:Mult0|mult_5f01:auto_generated|op_5~120                   ; cout             ;
; |vs210_mul|v210_mul:inst|lpm_mult:Mult0|mult_5f01:auto_generated|op_5~121           ; |vs210_mul|v210_mul:inst|lpm_mult:Mult0|mult_5f01:auto_generated|op_5~121                   ; combout          ;
; |vs210_mul|v210_mul:inst|lpm_mult:Mult0|mult_5f01:auto_generated|op_5~121           ; |vs210_mul|v210_mul:inst|lpm_mult:Mult0|mult_5f01:auto_generated|op_5~122                   ; cout0            ;
; |vs210_mul|v210_mul:inst|lpm_mult:Mult0|mult_5f01:auto_generated|op_5~121           ; |vs210_mul|v210_mul:inst|lpm_mult:Mult0|mult_5f01:auto_generated|op_5~122COUT1_141          ; cout1            ;
; |vs210_mul|v210_mul:inst|lpm_mult:Mult0|mult_5f01:auto_generated|op_5~123           ; |vs210_mul|v210_mul:inst|lpm_mult:Mult0|mult_5f01:auto_generated|op_5~123                   ; combout          ;
; |vs210_mul|v210_mul:inst|lpm_mult:Mult0|mult_5f01:auto_generated|op_5~123           ; |vs210_mul|v210_mul:inst|lpm_mult:Mult0|mult_5f01:auto_generated|op_5~124                   ; cout0            ;
; |vs210_mul|v210_mul:inst|lpm_mult:Mult0|mult_5f01:auto_generated|op_5~123           ; |vs210_mul|v210_mul:inst|lpm_mult:Mult0|mult_5f01:auto_generated|op_5~124COUT1_139          ; cout1            ;
; |vs210_mul|v210_mul:inst|lpm_mult:Mult0|mult_5f01:auto_generated|op_1~85            ; |vs210_mul|v210_mul:inst|lpm_mult:Mult0|mult_5f01:auto_generated|op_1~85                    ; combout          ;
; |vs210_mul|v210_mul:inst|lpm_mult:Mult0|mult_5f01:auto_generated|op_1~87            ; |vs210_mul|v210_mul:inst|lpm_mult:Mult0|mult_5f01:auto_generated|op_1~87                    ; combout          ;
; |vs210_mul|v210_mul:inst|lpm_mult:Mult0|mult_5f01:auto_generated|op_2~75            ; |vs210_mul|v210_mul:inst|lpm_mult:Mult0|mult_5f01:auto_generated|op_2~75                    ; combout          ;
; |vs210_mul|v210_mul:inst|lpm_mult:Mult0|mult_5f01:auto_generated|op_1~89            ; |vs210_mul|v210_mul:inst|lpm_mult:Mult0|mult_5f01:auto_generated|op_1~89                    ; combout          ;
; |vs210_mul|v210_mul:inst|lpm_mult:Mult0|mult_5f01:auto_generated|op_1~89            ; |vs210_mul|v210_mul:inst|lpm_mult:Mult0|mult_5f01:auto_generated|op_1~90                    ; cout0            ;
; |vs210_mul|v210_mul:inst|lpm_mult:Mult0|mult_5f01:auto_generated|op_2~77            ; |vs210_mul|v210_mul:inst|lpm_mult:Mult0|mult_5f01:auto_generated|op_2~77                    ; combout          ;
; |vs210_mul|v210_mul:inst|lpm_mult:Mult0|mult_5f01:auto_generated|op_2~77            ; |vs210_mul|v210_mul:inst|lpm_mult:Mult0|mult_5f01:auto_generated|op_2~78COUT1_113           ; cout1            ;
; |vs210_mul|v210_mul:inst|lpm_mult:Mult0|mult_5f01:auto_generated|op_1~91            ; |vs210_mul|v210_mul:inst|lpm_mult:Mult0|mult_5f01:auto_generated|op_1~91                    ; combout          ;
; |vs210_mul|v210_mul:inst|lpm_mult:Mult0|mult_5f01:auto_generated|op_1~91            ; |vs210_mul|v210_mul:inst|lpm_mult:Mult0|mult_5f01:auto_generated|op_1~92COUT1_133           ; cout1            ;
; |vs210_mul|v210_mul:inst|lpm_mult:Mult0|mult_5f01:auto_generated|op_2~79            ; |vs210_mul|v210_mul:inst|lpm_mult:Mult0|mult_5f01:auto_generated|op_2~79                    ; combout          ;
; |vs210_mul|v210_mul:inst|lpm_mult:Mult0|mult_5f01:auto_generated|op_2~79            ; |vs210_mul|v210_mul:inst|lpm_mult:Mult0|mult_5f01:auto_generated|op_2~80COUT1_111           ; cout1            ;
; |vs210_mul|v210_mul:inst|lpm_mult:Mult0|mult_5f01:auto_generated|op_1~93            ; |vs210_mul|v210_mul:inst|lpm_mult:Mult0|mult_5f01:auto_generated|op_1~93                    ; combout          ;
; |vs210_mul|v210_mul:inst|lpm_mult:Mult0|mult_5f01:auto_generated|op_1~93            ; |vs210_mul|v210_mul:inst|lpm_mult:Mult0|mult_5f01:auto_generated|op_1~94COUT1_131           ; cout1            ;
; |vs210_mul|v210_mul:inst|lpm_mult:Mult0|mult_5f01:auto_generated|op_2~81            ; |vs210_mul|v210_mul:inst|lpm_mult:Mult0|mult_5f01:auto_generated|op_2~81                    ; combout          ;
; |vs210_mul|v210_mul:inst|lpm_mult:Mult0|mult_5f01:auto_generated|op_2~81            ; |vs210_mul|v210_mul:inst|lpm_mult:Mult0|mult_5f01:auto_generated|op_2~82                    ; cout             ;
; |vs210_mul|v210_mul:inst|lpm_mult:Mult0|mult_5f01:auto_generated|op_1~95            ; |vs210_mul|v210_mul:inst|lpm_mult:Mult0|mult_5f01:auto_generated|op_1~95                    ; combout          ;
; |vs210_mul|v210_mul:inst|lpm_mult:Mult0|mult_5f01:auto_generated|op_1~95            ; |vs210_mul|v210_mul:inst|lpm_mult:Mult0|mult_5f01:auto_generated|op_1~96                    ; cout             ;
; |vs210_mul|v210_mul:inst|lpm_mult:Mult0|mult_5f01:auto_generated|op_2~83            ; |vs210_mul|v210_mul:inst|lpm_mult:Mult0|mult_5f01:auto_generated|op_2~83                    ; combout          ;
; |vs210_mul|v210_mul:inst|lpm_mult:Mult0|mult_5f01:auto_generated|op_2~83            ; |vs210_mul|v210_mul:inst|lpm_mult:Mult0|mult_5f01:auto_generated|op_2~84                    ; cout0            ;
; |vs210_mul|v210_mul:inst|lpm_mult:Mult0|mult_5f01:auto_generated|op_2~83            ; |vs210_mul|v210_mul:inst|lpm_mult:Mult0|mult_5f01:auto_generated|op_2~84COUT1_109           ; cout1            ;
; |vs210_mul|v210_mul:inst|lpm_mult:Mult0|mult_5f01:auto_generated|op_1~97            ; |vs210_mul|v210_mul:inst|lpm_mult:Mult0|mult_5f01:auto_generated|op_1~97                    ; combout          ;
; |vs210_mul|v210_mul:inst|lpm_mult:Mult0|mult_5f01:auto_generated|op_1~97            ; |vs210_mul|v210_mul:inst|lpm_mult:Mult0|mult_5f01:auto_generated|op_1~98                    ; cout0            ;
; |vs210_mul|v210_mul:inst|lpm_mult:Mult0|mult_5f01:auto_generated|op_1~97            ; |vs210_mul|v210_mul:inst|lpm_mult:Mult0|mult_5f01:auto_generated|op_1~98COUT1_129           ; cout1            ;
; |vs210_mul|v210_mul:inst|lpm_mult:Mult0|mult_5f01:auto_generated|op_2~85            ; |vs210_mul|v210_mul:inst|lpm_mult:Mult0|mult_5f01:auto_generated|op_2~85                    ; combout          ;
; |vs210_mul|v210_mul:inst|lpm_mult:Mult0|mult_5f01:auto_generated|op_2~85            ; |vs210_mul|v210_mul:inst|lpm_mult:Mult0|mult_5f01:auto_generated|op_2~86                    ; cout0            ;
; |vs210_mul|v210_mul:inst|lpm_mult:Mult0|mult_5f01:auto_generated|op_2~85            ; |vs210_mul|v210_mul:inst|lpm_mult:Mult0|mult_5f01:auto_generated|op_2~86COUT1_107           ; cout1            ;
; |vs210_mul|v210_mul:inst|lpm_mult:Mult0|mult_5f01:auto_generated|op_1~99            ; |vs210_mul|v210_mul:inst|lpm_mult:Mult0|mult_5f01:auto_generated|op_1~99                    ; combout          ;
; |vs210_mul|v210_mul:inst|lpm_mult:Mult0|mult_5f01:auto_generated|op_1~99            ; |vs210_mul|v210_mul:inst|lpm_mult:Mult0|mult_5f01:auto_generated|op_1~100                   ; cout0            ;
; |vs210_mul|v210_mul:inst|lpm_mult:Mult0|mult_5f01:auto_generated|op_2~87            ; |vs210_mul|v210_mul:inst|lpm_mult:Mult0|mult_5f01:auto_generated|op_2~87                    ; combout          ;
; |vs210_mul|v210_mul:inst|lpm_mult:Mult0|mult_5f01:auto_generated|op_2~87            ; |vs210_mul|v210_mul:inst|lpm_mult:Mult0|mult_5f01:auto_generated|op_2~88                    ; cout0            ;
; |vs210_mul|v210_mul:inst|lpm_mult:Mult0|mult_5f01:auto_generated|op_1~101           ; |vs210_mul|v210_mul:inst|lpm_mult:Mult0|mult_5f01:auto_generated|op_1~101                   ; combout          ;
; |vs210_mul|v210_mul:inst|lpm_mult:Mult0|mult_5f01:auto_generated|op_1~101           ; |vs210_mul|v210_mul:inst|lpm_mult:Mult0|mult_5f01:auto_generated|op_1~102                   ; cout0            ;
; |vs210_mul|v210_mul:inst|lpm_mult:Mult0|mult_5f01:auto_generated|op_1~103           ; |vs210_mul|v210_mul:inst|lpm_mult:Mult0|mult_5f01:auto_generated|op_1~103                   ; combout          ;
; |vs210_mul|v210_mul:inst|lpm_mult:Mult0|mult_5f01:auto_generated|op_1~103           ; |vs210_mul|v210_mul:inst|lpm_mult:Mult0|mult_5f01:auto_generated|op_1~104                   ; cout0            ;
; |vs210_mul|v210_mul:inst|lpm_mult:Mult0|mult_5f01:auto_generated|op_2~91            ; |vs210_mul|v210_mul:inst|lpm_mult:Mult0|mult_5f01:auto_generated|op_2~91                    ; combout          ;
; |vs210_mul|v210_mul:inst|lpm_mult:Mult0|mult_5f01:auto_generated|op_1~105           ; |vs210_mul|v210_mul:inst|lpm_mult:Mult0|mult_5f01:auto_generated|op_1~105                   ; combout          ;
; |vs210_mul|v210_mul:inst|lpm_mult:Mult0|mult_5f01:auto_generated|op_1~105           ; |vs210_mul|v210_mul:inst|lpm_mult:Mult0|mult_5f01:auto_generated|op_1~106                   ; cout             ;
; |vs210_mul|v210_mul:inst|lpm_mult:Mult0|mult_5f01:auto_generated|op_1~107           ; |vs210_mul|v210_mul:inst|lpm_mult:Mult0|mult_5f01:auto_generated|op_1~107                   ; combout          ;
; |vs210_mul|v210_mul:inst|lpm_mult:Mult0|mult_5f01:auto_generated|op_1~107           ; |vs210_mul|v210_mul:inst|lpm_mult:Mult0|mult_5f01:auto_generated|op_1~108                   ; cout0            ;
; |vs210_mul|v210_mul:inst|lpm_mult:Mult0|mult_5f01:auto_generated|op_1~107           ; |vs210_mul|v210_mul:inst|lpm_mult:Mult0|mult_5f01:auto_generated|op_1~108COUT1_121          ; cout1            ;
; |vs210_mul|v210_mul:inst|lpm_mult:Mult0|mult_5f01:auto_generated|add20_result[4]~18 ; |vs210_mul|v210_mul:inst|lpm_mult:Mult0|mult_5f01:auto_generated|add20_result[4]~18         ; combout          ;
; |vs210_mul|v210_mul:inst|lpm_mult:Mult0|mult_5f01:auto_generated|add20_result[3]~20 ; |vs210_mul|v210_mul:inst|lpm_mult:Mult0|mult_5f01:auto_generated|add20_result[3]~20         ; combout          ;
; |vs210_mul|v210_mul:inst|lpm_mult:Mult0|mult_5f01:auto_generated|add20_result[3]~20 ; |vs210_mul|v210_mul:inst|lpm_mult:Mult0|mult_5f01:auto_generated|add20_result[3]~21         ; cout             ;
; |vs210_mul|v210_mul:inst|lpm_mult:Mult0|mult_5f01:auto_generated|add20_result[2]~22 ; |vs210_mul|v210_mul:inst|lpm_mult:Mult0|mult_5f01:auto_generated|add20_result[2]~22         ; combout          ;
; |vs210_mul|v210_mul:inst|lpm_mult:Mult0|mult_5f01:auto_generated|add20_result[2]~22 ; |vs210_mul|v210_mul:inst|lpm_mult:Mult0|mult_5f01:auto_generated|add20_result[2]~23         ; cout0            ;
; |vs210_mul|v210_mul:inst|lpm_mult:Mult0|mult_5f01:auto_generated|add20_result[2]~22 ; |vs210_mul|v210_mul:inst|lpm_mult:Mult0|mult_5f01:auto_generated|add20_result[2]~23COUT1_39 ; cout1            ;
; |vs210_mul|v210_mul:inst|lpm_mult:Mult0|mult_5f01:auto_generated|add20_result[1]~24 ; |vs210_mul|v210_mul:inst|lpm_mult:Mult0|mult_5f01:auto_generated|add20_result[1]~24         ; combout          ;
; |vs210_mul|v210_mul:inst|lpm_mult:Mult0|mult_5f01:auto_generated|add20_result[1]~24 ; |vs210_mul|v210_mul:inst|lpm_mult:Mult0|mult_5f01:auto_generated|add20_result[1]~25         ; cout0            ;
; |vs210_mul|v210_mul:inst|lpm_mult:Mult0|mult_5f01:auto_generated|add20_result[1]~24 ; |vs210_mul|v210_mul:inst|lpm_mult:Mult0|mult_5f01:auto_generated|add20_result[1]~25COUT1_37 ; cout1            ;
; |vs210_mul|v210_mul:inst|lpm_mult:Mult0|mult_5f01:auto_generated|add20_result[0]~26 ; |vs210_mul|v210_mul:inst|lpm_mult:Mult0|mult_5f01:auto_generated|add20_result[0]~26         ; combout          ;
; |vs210_mul|v210_mul:inst|lpm_mult:Mult0|mult_5f01:auto_generated|add20_result[0]~26 ; |vs210_mul|v210_mul:inst|lpm_mult:Mult0|mult_5f01:auto_generated|add20_result[0]~27         ; cout0            ;
; |vs210_mul|v210_mul:inst|lpm_mult:Mult0|mult_5f01:auto_generated|add20_result[0]~26 ; |vs210_mul|v210_mul:inst|lpm_mult:Mult0|mult_5f01:auto_generated|add20_result[0]~27COUT1_35 ; cout1            ;
; |vs210_mul|v210_mul:inst|lpm_mult:Mult0|mult_5f01:auto_generated|le4a[1]            ; |vs210_mul|v210_mul:inst|lpm_mult:Mult0|mult_5f01:auto_generated|le4a[1]                    ; combout          ;
; |vs210_mul|v210_mul:inst|lpm_mult:Mult0|mult_5f01:auto_generated|le3a[1]            ; |vs210_mul|v210_mul:inst|lpm_mult:Mult0|mult_5f01:auto_generated|le3a[1]                    ; combout          ;
; |vs210_mul|v210_mul:inst|lpm_mult:Mult0|mult_5f01:auto_generated|le3a[0]            ; |vs210_mul|v210_mul:inst|lpm_mult:Mult0|mult_5f01:auto_generated|le3a[0]                    ; combout          ;
; |vs210_mul|v210_mul:inst|lpm_mult:Mult0|mult_5f01:auto_generated|le7a[4]            ; |vs210_mul|v210_mul:inst|lpm_mult:Mult0|mult_5f01:auto_generated|le7a[4]                    ; combout          ;
; |vs210_mul|v210_mul:inst|lpm_mult:Mult0|mult_5f01:auto_generated|le7a[3]            ; |vs210_mul|v210_mul:inst|lpm_mult:Mult0|mult_5f01:auto_generated|le7a[3]                    ; combout          ;
; |vs210_mul|v210_mul:inst|lpm_mult:Mult0|mult_5f01:auto_generated|le6a[4]            ; |vs210_mul|v210_mul:inst|lpm_mult:Mult0|mult_5f01:auto_generated|le6a[4]                    ; combout          ;
; |vs210_mul|v210_mul:inst|lpm_mult:Mult0|mult_5f01:auto_generated|le7a[2]            ; |vs210_mul|v210_mul:inst|lpm_mult:Mult0|mult_5f01:auto_generated|le7a[2]                    ; combout          ;
; |vs210_mul|v210_mul:inst|lpm_mult:Mult0|mult_5f01:auto_generated|le6a[3]            ; |vs210_mul|v210_mul:inst|lpm_mult:Mult0|mult_5f01:auto_generated|le6a[3]                    ; combout          ;
; |vs210_mul|v210_mul:inst|lpm_mult:Mult0|mult_5f01:auto_generated|le7a[1]            ; |vs210_mul|v210_mul:inst|lpm_mult:Mult0|mult_5f01:auto_generated|le7a[1]                    ; combout          ;
; |vs210_mul|v210_mul:inst|lpm_mult:Mult0|mult_5f01:auto_generated|le6a[2]            ; |vs210_mul|v210_mul:inst|lpm_mult:Mult0|mult_5f01:auto_generated|le6a[2]                    ; combout          ;
; |vs210_mul|v210_mul:inst|lpm_mult:Mult0|mult_5f01:auto_generated|le7a[0]            ; |vs210_mul|v210_mul:inst|lpm_mult:Mult0|mult_5f01:auto_generated|le7a[0]                    ; combout          ;
; |vs210_mul|v210_mul:inst|lpm_mult:Mult0|mult_5f01:auto_generated|le6a[1]            ; |vs210_mul|v210_mul:inst|lpm_mult:Mult0|mult_5f01:auto_generated|le6a[1]                    ; combout          ;
; |vs210_mul|v210_mul:inst|lpm_mult:Mult0|mult_5f01:auto_generated|le6a[0]            ; |vs210_mul|v210_mul:inst|lpm_mult:Mult0|mult_5f01:auto_generated|le6a[0]                    ; combout          ;
; |vs210_mul|v210_mul:inst|lpm_mult:Mult0|mult_5f01:auto_generated|le4a[4]            ; |vs210_mul|v210_mul:inst|lpm_mult:Mult0|mult_5f01:auto_generated|le4a[4]                    ; combout          ;
; |vs210_mul|v210_mul:inst|lpm_mult:Mult0|mult_5f01:auto_generated|le4a[3]            ; |vs210_mul|v210_mul:inst|lpm_mult:Mult0|mult_5f01:auto_generated|le4a[3]                    ; combout          ;
; |vs210_mul|v210_mul:inst|lpm_mult:Mult0|mult_5f01:auto_generated|le4a[2]            ; |vs210_mul|v210_mul:inst|lpm_mult:Mult0|mult_5f01:auto_generated|le4a[2]                    ; combout          ;
; |vs210_mul|v210_mul:inst|lpm_mult:Mult0|mult_5f01:auto_generated|le3a[4]            ; |vs210_mul|v210_mul:inst|lpm_mult:Mult0|mult_5f01:auto_generated|le3a[4]                    ; combout          ;
; |vs210_mul|v210_mul:inst|lpm_mult:Mult0|mult_5f01:auto_generated|le3a[3]            ; |vs210_mul|v210_mul:inst|lpm_mult:Mult0|mult_5f01:auto_generated|le3a[3]                    ; combout          ;
; |vs210_mul|v210_mul:inst|lpm_mult:Mult0|mult_5f01:auto_generated|le3a[2]            ; |vs210_mul|v210_mul:inst|lpm_mult:Mult0|mult_5f01:auto_generated|le3a[2]                    ; combout          ;
; |vs210_mul|v210_mul:inst|lpm_mult:Mult0|mult_5f01:auto_generated|le4a[5]            ; |vs210_mul|v210_mul:inst|lpm_mult:Mult0|mult_5f01:auto_generated|le4a[5]                    ; combout          ;
; |vs210_mul|a[0]                                                                     ; |vs210_mul|a[0]~corein                                                                      ; combout          ;
; |vs210_mul|a[1]                                                                     ; |vs210_mul|a[1]~corein                                                                      ; combout          ;
; |vs210_mul|a[4]                                                                     ; |vs210_mul|a[4]~corein                                                                      ; combout          ;
; |vs210_mul|a[3]                                                                     ; |vs210_mul|a[3]~corein                                                                      ; combout          ;
; |vs210_mul|a[2]                                                                     ; |vs210_mul|a[2]~corein                                                                      ; combout          ;
; |vs210_mul|p[13]                                                                    ; |vs210_mul|p[13]                                                                            ; padio            ;
; |vs210_mul|p[12]                                                                    ; |vs210_mul|p[12]                                                                            ; padio            ;
; |vs210_mul|p[11]                                                                    ; |vs210_mul|p[11]                                                                            ; padio            ;
; |vs210_mul|p[10]                                                                    ; |vs210_mul|p[10]                                                                            ; padio            ;
; |vs210_mul|p[9]                                                                     ; |vs210_mul|p[9]                                                                             ; padio            ;
; |vs210_mul|p[8]                                                                     ; |vs210_mul|p[8]                                                                             ; padio            ;
; |vs210_mul|p[7]                                                                     ; |vs210_mul|p[7]                                                                             ; padio            ;
; |vs210_mul|p[6]                                                                     ; |vs210_mul|p[6]                                                                             ; padio            ;
; |vs210_mul|p[5]                                                                     ; |vs210_mul|p[5]                                                                             ; padio            ;
; |vs210_mul|p[4]                                                                     ; |vs210_mul|p[4]                                                                             ; padio            ;
; |vs210_mul|p[3]                                                                     ; |vs210_mul|p[3]                                                                             ; padio            ;
; |vs210_mul|p[2]                                                                     ; |vs210_mul|p[2]                                                                             ; padio            ;
; |vs210_mul|p[1]                                                                     ; |vs210_mul|p[1]                                                                             ; padio            ;
; |vs210_mul|p[0]                                                                     ; |vs210_mul|p[0]                                                                             ; padio            ;
+-------------------------------------------------------------------------------------+---------------------------------------------------------------------------------------------+------------------+


The following table displays output ports that do not toggle to 1 during simulation.
+------------------------------------------------------------------------------------------------------------------------------------------------------------------------------------------------------+
; Missing 1-Value Coverage                                                                                                                                                                             ;
+-------------------------------------------------------------------------------------+---------------------------------------------------------------------------------------------+------------------+
; Node Name                                                                           ; Output Port Name                                                                            ; Output Port Type ;
+-------------------------------------------------------------------------------------+---------------------------------------------------------------------------------------------+------------------+
; |vs210_mul|v210_mul:inst|lpm_mult:Mult0|mult_5f01:auto_generated|op_5~93            ; |vs210_mul|v210_mul:inst|lpm_mult:Mult0|mult_5f01:auto_generated|op_5~93                    ; combout          ;
; |vs210_mul|v210_mul:inst|lpm_mult:Mult0|mult_5f01:auto_generated|op_5~95            ; |vs210_mul|v210_mul:inst|lpm_mult:Mult0|mult_5f01:auto_generated|op_5~95                    ; combout          ;
; |vs210_mul|v210_mul:inst|lpm_mult:Mult0|mult_5f01:auto_generated|op_5~95            ; |vs210_mul|v210_mul:inst|lpm_mult:Mult0|mult_5f01:auto_generated|op_5~96COUT1_161           ; cout1            ;
; |vs210_mul|v210_mul:inst|lpm_mult:Mult0|mult_5f01:auto_generated|op_5~97            ; |vs210_mul|v210_mul:inst|lpm_mult:Mult0|mult_5f01:auto_generated|op_5~98COUT1_159           ; cout1            ;
; |vs210_mul|v210_mul:inst|lpm_mult:Mult0|mult_5f01:auto_generated|op_1~81            ; |vs210_mul|v210_mul:inst|lpm_mult:Mult0|mult_5f01:auto_generated|op_1~81                    ; combout          ;
; |vs210_mul|v210_mul:inst|lpm_mult:Mult0|mult_5f01:auto_generated|op_2~69            ; |vs210_mul|v210_mul:inst|lpm_mult:Mult0|mult_5f01:auto_generated|op_2~69                    ; combout          ;
; |vs210_mul|v210_mul:inst|lpm_mult:Mult0|mult_5f01:auto_generated|op_1~83            ; |vs210_mul|v210_mul:inst|lpm_mult:Mult0|mult_5f01:auto_generated|op_1~83                    ; combout          ;
; |vs210_mul|v210_mul:inst|lpm_mult:Mult0|mult_5f01:auto_generated|op_1~83            ; |vs210_mul|v210_mul:inst|lpm_mult:Mult0|mult_5f01:auto_generated|op_1~84                    ; cout0            ;
; |vs210_mul|v210_mul:inst|lpm_mult:Mult0|mult_5f01:auto_generated|op_1~83            ; |vs210_mul|v210_mul:inst|lpm_mult:Mult0|mult_5f01:auto_generated|op_1~84COUT1_139           ; cout1            ;
; |vs210_mul|v210_mul:inst|lpm_mult:Mult0|mult_5f01:auto_generated|op_2~71            ; |vs210_mul|v210_mul:inst|lpm_mult:Mult0|mult_5f01:auto_generated|op_2~71                    ; combout          ;
; |vs210_mul|v210_mul:inst|lpm_mult:Mult0|mult_5f01:auto_generated|op_2~71            ; |vs210_mul|v210_mul:inst|lpm_mult:Mult0|mult_5f01:auto_generated|op_2~72                    ; cout             ;
; |vs210_mul|v210_mul:inst|lpm_mult:Mult0|mult_5f01:auto_generated|op_1~85            ; |vs210_mul|v210_mul:inst|lpm_mult:Mult0|mult_5f01:auto_generated|op_1~86                    ; cout             ;
; |vs210_mul|v210_mul:inst|lpm_mult:Mult0|mult_5f01:auto_generated|op_2~73            ; |vs210_mul|v210_mul:inst|lpm_mult:Mult0|mult_5f01:auto_generated|op_2~73                    ; combout          ;
; |vs210_mul|v210_mul:inst|lpm_mult:Mult0|mult_5f01:auto_generated|op_2~73            ; |vs210_mul|v210_mul:inst|lpm_mult:Mult0|mult_5f01:auto_generated|op_2~74                    ; cout0            ;
; |vs210_mul|v210_mul:inst|lpm_mult:Mult0|mult_5f01:auto_generated|op_2~73            ; |vs210_mul|v210_mul:inst|lpm_mult:Mult0|mult_5f01:auto_generated|op_2~74COUT1_117           ; cout1            ;
; |vs210_mul|v210_mul:inst|lpm_mult:Mult0|mult_5f01:auto_generated|op_1~87            ; |vs210_mul|v210_mul:inst|lpm_mult:Mult0|mult_5f01:auto_generated|op_1~88COUT1_137           ; cout1            ;
; |vs210_mul|v210_mul:inst|lpm_mult:Mult0|mult_5f01:auto_generated|op_2~75            ; |vs210_mul|v210_mul:inst|lpm_mult:Mult0|mult_5f01:auto_generated|op_2~76                    ; cout0            ;
; |vs210_mul|v210_mul:inst|lpm_mult:Mult0|mult_5f01:auto_generated|op_2~75            ; |vs210_mul|v210_mul:inst|lpm_mult:Mult0|mult_5f01:auto_generated|op_2~76COUT1_115           ; cout1            ;
; |vs210_mul|v210_mul:inst|lpm_mult:Mult0|mult_5f01:auto_generated|op_2~77            ; |vs210_mul|v210_mul:inst|lpm_mult:Mult0|mult_5f01:auto_generated|op_2~78                    ; cout0            ;
; |vs210_mul|v210_mul:inst|lpm_mult:Mult0|mult_5f01:auto_generated|op_1~91            ; |vs210_mul|v210_mul:inst|lpm_mult:Mult0|mult_5f01:auto_generated|op_1~92                    ; cout0            ;
; |vs210_mul|v210_mul:inst|lpm_mult:Mult0|mult_5f01:auto_generated|op_2~79            ; |vs210_mul|v210_mul:inst|lpm_mult:Mult0|mult_5f01:auto_generated|op_2~80                    ; cout0            ;
; |vs210_mul|v210_mul:inst|lpm_mult:Mult0|mult_5f01:auto_generated|op_1~93            ; |vs210_mul|v210_mul:inst|lpm_mult:Mult0|mult_5f01:auto_generated|op_1~94                    ; cout0            ;
; |vs210_mul|v210_mul:inst|lpm_mult:Mult0|mult_5f01:auto_generated|op_1~99            ; |vs210_mul|v210_mul:inst|lpm_mult:Mult0|mult_5f01:auto_generated|op_1~100COUT1_127          ; cout1            ;
; |vs210_mul|v210_mul:inst|lpm_mult:Mult0|mult_5f01:auto_generated|op_2~87            ; |vs210_mul|v210_mul:inst|lpm_mult:Mult0|mult_5f01:auto_generated|op_2~88COUT1_105           ; cout1            ;
; |vs210_mul|v210_mul:inst|lpm_mult:Mult0|mult_5f01:auto_generated|op_1~101           ; |vs210_mul|v210_mul:inst|lpm_mult:Mult0|mult_5f01:auto_generated|op_1~102COUT1_125          ; cout1            ;
; |vs210_mul|v210_mul:inst|lpm_mult:Mult0|mult_5f01:auto_generated|op_2~89            ; |vs210_mul|v210_mul:inst|lpm_mult:Mult0|mult_5f01:auto_generated|op_2~89                    ; combout          ;
; |vs210_mul|v210_mul:inst|lpm_mult:Mult0|mult_5f01:auto_generated|op_2~89            ; |vs210_mul|v210_mul:inst|lpm_mult:Mult0|mult_5f01:auto_generated|op_2~90                    ; cout0            ;
; |vs210_mul|v210_mul:inst|lpm_mult:Mult0|mult_5f01:auto_generated|op_1~103           ; |vs210_mul|v210_mul:inst|lpm_mult:Mult0|mult_5f01:auto_generated|op_1~104COUT1_123          ; cout1            ;
; |vs210_mul|v210_mul:inst|lpm_mult:Mult0|mult_5f01:auto_generated|op_2~91            ; |vs210_mul|v210_mul:inst|lpm_mult:Mult0|mult_5f01:auto_generated|op_2~92                    ; cout             ;
; |vs210_mul|v210_mul:inst|lpm_mult:Mult0|mult_5f01:auto_generated|cs1a[0]            ; |vs210_mul|v210_mul:inst|lpm_mult:Mult0|mult_5f01:auto_generated|cs1a[0]                    ; combout          ;
; |vs210_mul|v210_mul:inst|lpm_mult:Mult0|mult_5f01:auto_generated|cs1a[0]            ; |vs210_mul|v210_mul:inst|lpm_mult:Mult0|mult_5f01:auto_generated|cs1a[0]~COUT               ; cout0            ;
; |vs210_mul|v210_mul:inst|lpm_mult:Mult0|mult_5f01:auto_generated|cs1a[0]            ; |vs210_mul|v210_mul:inst|lpm_mult:Mult0|mult_5f01:auto_generated|cs1a[0]~COUTCOUT1_75       ; cout1            ;
; |vs210_mul|v210_mul:inst|lpm_mult:Mult0|mult_5f01:auto_generated|add20_result[6]~14 ; |vs210_mul|v210_mul:inst|lpm_mult:Mult0|mult_5f01:auto_generated|add20_result[6]~14         ; combout          ;
; |vs210_mul|v210_mul:inst|lpm_mult:Mult0|mult_5f01:auto_generated|add20_result[5]~16 ; |vs210_mul|v210_mul:inst|lpm_mult:Mult0|mult_5f01:auto_generated|add20_result[5]~16         ; combout          ;
; |vs210_mul|v210_mul:inst|lpm_mult:Mult0|mult_5f01:auto_generated|add20_result[5]~16 ; |vs210_mul|v210_mul:inst|lpm_mult:Mult0|mult_5f01:auto_generated|add20_result[5]~17         ; cout0            ;
; |vs210_mul|v210_mul:inst|lpm_mult:Mult0|mult_5f01:auto_generated|add20_result[5]~16 ; |vs210_mul|v210_mul:inst|lpm_mult:Mult0|mult_5f01:auto_generated|add20_result[5]~17COUT1_43 ; cout1            ;
; |vs210_mul|v210_mul:inst|lpm_mult:Mult0|mult_5f01:auto_generated|add20_result[4]~18 ; |vs210_mul|v210_mul:inst|lpm_mult:Mult0|mult_5f01:auto_generated|add20_result[4]~19         ; cout0            ;
; |vs210_mul|v210_mul:inst|lpm_mult:Mult0|mult_5f01:auto_generated|add20_result[4]~18 ; |vs210_mul|v210_mul:inst|lpm_mult:Mult0|mult_5f01:auto_generated|add20_result[4]~19COUT1_41 ; cout1            ;
; |vs210_mul|v210_mul:inst|lpm_mult:Mult0|mult_5f01:auto_generated|cs1a[2]            ; |vs210_mul|v210_mul:inst|lpm_mult:Mult0|mult_5f01:auto_generated|cs1a[2]                    ; combout          ;
; |vs210_mul|v210_mul:inst|lpm_mult:Mult0|mult_5f01:auto_generated|cs1a[2]            ; |vs210_mul|v210_mul:inst|lpm_mult:Mult0|mult_5f01:auto_generated|cs1a[2]~COUT               ; cout0            ;
; |vs210_mul|v210_mul:inst|lpm_mult:Mult0|mult_5f01:auto_generated|cs1a[2]            ; |vs210_mul|v210_mul:inst|lpm_mult:Mult0|mult_5f01:auto_generated|cs1a[2]~COUTCOUT1_79       ; cout1            ;
; |vs210_mul|v210_mul:inst|lpm_mult:Mult0|mult_5f01:auto_generated|cs2a[1]            ; |vs210_mul|v210_mul:inst|lpm_mult:Mult0|mult_5f01:auto_generated|cs2a[1]                    ; combout          ;
; |vs210_mul|v210_mul:inst|lpm_mult:Mult0|mult_5f01:auto_generated|cs2a[1]            ; |vs210_mul|v210_mul:inst|lpm_mult:Mult0|mult_5f01:auto_generated|cs2a[1]~COUT               ; cout0            ;
; |vs210_mul|v210_mul:inst|lpm_mult:Mult0|mult_5f01:auto_generated|cs2a[1]            ; |vs210_mul|v210_mul:inst|lpm_mult:Mult0|mult_5f01:auto_generated|cs2a[1]~COUTCOUT1_70       ; cout1            ;
; |vs210_mul|v210_mul:inst|lpm_mult:Mult0|mult_5f01:auto_generated|cs1a[1]            ; |vs210_mul|v210_mul:inst|lpm_mult:Mult0|mult_5f01:auto_generated|cs1a[1]                    ; combout          ;
; |vs210_mul|v210_mul:inst|lpm_mult:Mult0|mult_5f01:auto_generated|cs1a[1]            ; |vs210_mul|v210_mul:inst|lpm_mult:Mult0|mult_5f01:auto_generated|cs1a[1]~COUT               ; cout0            ;
; |vs210_mul|v210_mul:inst|lpm_mult:Mult0|mult_5f01:auto_generated|cs1a[1]            ; |vs210_mul|v210_mul:inst|lpm_mult:Mult0|mult_5f01:auto_generated|cs1a[1]~COUTCOUT1_77       ; cout1            ;
; |vs210_mul|v210_mul:inst|lpm_mult:Mult0|mult_5f01:auto_generated|le4a[0]            ; |vs210_mul|v210_mul:inst|lpm_mult:Mult0|mult_5f01:auto_generated|le4a[0]                    ; combout          ;
; |vs210_mul|v210_mul:inst|lpm_mult:Mult0|mult_5f01:auto_generated|cs2a[0]            ; |vs210_mul|v210_mul:inst|lpm_mult:Mult0|mult_5f01:auto_generated|cs2a[0]                    ; combout          ;
; |vs210_mul|v210_mul:inst|lpm_mult:Mult0|mult_5f01:auto_generated|cs2a[0]            ; |vs210_mul|v210_mul:inst|lpm_mult:Mult0|mult_5f01:auto_generated|cs2a[0]~COUT               ; cout0            ;
; |vs210_mul|v210_mul:inst|lpm_mult:Mult0|mult_5f01:auto_generated|cs2a[0]            ; |vs210_mul|v210_mul:inst|lpm_mult:Mult0|mult_5f01:auto_generated|cs2a[0]~COUTCOUT1_68       ; cout1            ;
; |vs210_mul|v210_mul:inst|lpm_mult:Mult0|mult_5f01:auto_generated|cs1a[3]            ; |vs210_mul|v210_mul:inst|lpm_mult:Mult0|mult_5f01:auto_generated|cs1a[3]                    ; combout          ;
; |vs210_mul|v210_mul:inst|lpm_mult:Mult0|mult_5f01:auto_generated|le6a[8]            ; |vs210_mul|v210_mul:inst|lpm_mult:Mult0|mult_5f01:auto_generated|le6a[8]                    ; combout          ;
; |vs210_mul|v210_mul:inst|lpm_mult:Mult0|mult_5f01:auto_generated|le7a[7]            ; |vs210_mul|v210_mul:inst|lpm_mult:Mult0|mult_5f01:auto_generated|le7a[7]                    ; combout          ;
; |vs210_mul|v210_mul:inst|lpm_mult:Mult0|mult_5f01:auto_generated|cs2a[3]            ; |vs210_mul|v210_mul:inst|lpm_mult:Mult0|mult_5f01:auto_generated|cs2a[3]                    ; combout          ;
; |vs210_mul|v210_mul:inst|lpm_mult:Mult0|mult_5f01:auto_generated|le6a[7]            ; |vs210_mul|v210_mul:inst|lpm_mult:Mult0|mult_5f01:auto_generated|le6a[7]                    ; combout          ;
; |vs210_mul|v210_mul:inst|lpm_mult:Mult0|mult_5f01:auto_generated|le7a[6]            ; |vs210_mul|v210_mul:inst|lpm_mult:Mult0|mult_5f01:auto_generated|le7a[6]                    ; combout          ;
; |vs210_mul|v210_mul:inst|lpm_mult:Mult0|mult_5f01:auto_generated|cs2a[2]            ; |vs210_mul|v210_mul:inst|lpm_mult:Mult0|mult_5f01:auto_generated|cs2a[2]                    ; combout          ;
; |vs210_mul|v210_mul:inst|lpm_mult:Mult0|mult_5f01:auto_generated|cs2a[2]            ; |vs210_mul|v210_mul:inst|lpm_mult:Mult0|mult_5f01:auto_generated|cs2a[2]~COUT               ; cout0            ;
; |vs210_mul|v210_mul:inst|lpm_mult:Mult0|mult_5f01:auto_generated|cs2a[2]            ; |vs210_mul|v210_mul:inst|lpm_mult:Mult0|mult_5f01:auto_generated|cs2a[2]~COUTCOUT1_72       ; cout1            ;
; |vs210_mul|v210_mul:inst|lpm_mult:Mult0|mult_5f01:auto_generated|le5a[8]            ; |vs210_mul|v210_mul:inst|lpm_mult:Mult0|mult_5f01:auto_generated|le5a[8]                    ; combout          ;
; |vs210_mul|v210_mul:inst|lpm_mult:Mult0|mult_5f01:auto_generated|le6a[6]            ; |vs210_mul|v210_mul:inst|lpm_mult:Mult0|mult_5f01:auto_generated|le6a[6]                    ; combout          ;
; |vs210_mul|v210_mul:inst|lpm_mult:Mult0|mult_5f01:auto_generated|le5a[4]            ; |vs210_mul|v210_mul:inst|lpm_mult:Mult0|mult_5f01:auto_generated|le5a[4]                    ; combout          ;
; |vs210_mul|v210_mul:inst|lpm_mult:Mult0|mult_5f01:auto_generated|le5a[3]            ; |vs210_mul|v210_mul:inst|lpm_mult:Mult0|mult_5f01:auto_generated|le5a[3]                    ; combout          ;
; |vs210_mul|v210_mul:inst|lpm_mult:Mult0|mult_5f01:auto_generated|le5a[2]            ; |vs210_mul|v210_mul:inst|lpm_mult:Mult0|mult_5f01:auto_generated|le5a[2]                    ; combout          ;
; |vs210_mul|v210_mul:inst|lpm_mult:Mult0|mult_5f01:auto_generated|le3a[6]            ; |vs210_mul|v210_mul:inst|lpm_mult:Mult0|mult_5f01:auto_generated|le3a[6]                    ; combout          ;
; |vs210_mul|v210_mul:inst|lpm_mult:Mult0|mult_5f01:auto_generated|le5a[1]            ; |vs210_mul|v210_mul:inst|lpm_mult:Mult0|mult_5f01:auto_generated|le5a[1]                    ; combout          ;
; |vs210_mul|v210_mul:inst|lpm_mult:Mult0|mult_5f01:auto_generated|le3a[5]            ; |vs210_mul|v210_mul:inst|lpm_mult:Mult0|mult_5f01:auto_generated|le3a[5]                    ; combout          ;
; |vs210_mul|v210_mul:inst|lpm_mult:Mult0|mult_5f01:auto_generated|le5a[0]            ; |vs210_mul|v210_mul:inst|lpm_mult:Mult0|mult_5f01:auto_generated|le5a[0]                    ; combout          ;
; |vs210_mul|v210_mul:inst|lpm_mult:Mult0|mult_5f01:auto_generated|le5a[7]            ; |vs210_mul|v210_mul:inst|lpm_mult:Mult0|mult_5f01:auto_generated|le5a[7]                    ; combout          ;
; |vs210_mul|v210_mul:inst|lpm_mult:Mult0|mult_5f01:auto_generated|le4a[8]            ; |vs210_mul|v210_mul:inst|lpm_mult:Mult0|mult_5f01:auto_generated|le4a[8]                    ; combout          ;
; |vs210_mul|v210_mul:inst|lpm_mult:Mult0|mult_5f01:auto_generated|le5a[6]            ; |vs210_mul|v210_mul:inst|lpm_mult:Mult0|mult_5f01:auto_generated|le5a[6]                    ; combout          ;
; |vs210_mul|v210_mul:inst|lpm_mult:Mult0|mult_5f01:auto_generated|le4a[7]            ; |vs210_mul|v210_mul:inst|lpm_mult:Mult0|mult_5f01:auto_generated|le4a[7]                    ; combout          ;
; |vs210_mul|v210_mul:inst|lpm_mult:Mult0|mult_5f01:auto_generated|le5a[5]            ; |vs210_mul|v210_mul:inst|lpm_mult:Mult0|mult_5f01:auto_generated|le5a[5]                    ; combout          ;
; |vs210_mul|v210_mul:inst|lpm_mult:Mult0|mult_5f01:auto_generated|le3a[8]            ; |vs210_mul|v210_mul:inst|lpm_mult:Mult0|mult_5f01:auto_generated|le3a[8]                    ; combout          ;
; |vs210_mul|v210_mul:inst|lpm_mult:Mult0|mult_5f01:auto_generated|le4a[6]            ; |vs210_mul|v210_mul:inst|lpm_mult:Mult0|mult_5f01:auto_generated|le4a[6]                    ; combout          ;
; |vs210_mul|v210_mul:inst|lpm_mult:Mult0|mult_5f01:auto_generated|le3a[7]            ; |vs210_mul|v210_mul:inst|lpm_mult:Mult0|mult_5f01:auto_generated|le3a[7]                    ; combout          ;
; |vs210_mul|b[1]                                                                     ; |vs210_mul|b[1]~corein                                                                      ; combout          ;
; |vs210_mul|a[7]                                                                     ; |vs210_mul|a[7]~corein                                                                      ; combout          ;
; |vs210_mul|b[7]                                                                     ; |vs210_mul|b[7]~corein                                                                      ; combout          ;
; |vs210_mul|a[6]                                                                     ; |vs210_mul|a[6]~corein                                                                      ; combout          ;
; |vs210_mul|b[5]                                                                     ; |vs210_mul|b[5]~corein                                                                      ; combout          ;
; |vs210_mul|b[4]                                                                     ; |vs210_mul|b[4]~corein                                                                      ; combout          ;
; |vs210_mul|b[2]                                                                     ; |vs210_mul|b[2]~corein                                                                      ; combout          ;
; |vs210_mul|b[3]                                                                     ; |vs210_mul|b[3]~corein                                                                      ; combout          ;
; |vs210_mul|b[0]                                                                     ; |vs210_mul|b[0]~corein                                                                      ; combout          ;
; |vs210_mul|b[6]                                                                     ; |vs210_mul|b[6]~corein                                                                      ; combout          ;
; |vs210_mul|p[15]                                                                    ; |vs210_mul|p[15]                                                                            ; padio            ;
; |vs210_mul|p[14]                                                                    ; |vs210_mul|p[14]                                                                            ; padio            ;
+-------------------------------------------------------------------------------------+---------------------------------------------------------------------------------------------+------------------+


The following table displays output ports that do not toggle to 0 during simulation.
+------------------------------------------------------------------------------------------------------------------------------------------------------------------------------------------------------+
; Missing 0-Value Coverage                                                                                                                                                                             ;
+-------------------------------------------------------------------------------------+---------------------------------------------------------------------------------------------+------------------+
; Node Name                                                                           ; Output Port Name                                                                            ; Output Port Type ;
+-------------------------------------------------------------------------------------+---------------------------------------------------------------------------------------------+------------------+
; |vs210_mul|v210_mul:inst|lpm_mult:Mult0|mult_5f01:auto_generated|op_5~93            ; |vs210_mul|v210_mul:inst|lpm_mult:Mult0|mult_5f01:auto_generated|op_5~93                    ; combout          ;
; |vs210_mul|v210_mul:inst|lpm_mult:Mult0|mult_5f01:auto_generated|op_5~95            ; |vs210_mul|v210_mul:inst|lpm_mult:Mult0|mult_5f01:auto_generated|op_5~95                    ; combout          ;
; |vs210_mul|v210_mul:inst|lpm_mult:Mult0|mult_5f01:auto_generated|op_5~95            ; |vs210_mul|v210_mul:inst|lpm_mult:Mult0|mult_5f01:auto_generated|op_5~96COUT1_161           ; cout1            ;
; |vs210_mul|v210_mul:inst|lpm_mult:Mult0|mult_5f01:auto_generated|op_5~97            ; |vs210_mul|v210_mul:inst|lpm_mult:Mult0|mult_5f01:auto_generated|op_5~98COUT1_159           ; cout1            ;
; |vs210_mul|v210_mul:inst|lpm_mult:Mult0|mult_5f01:auto_generated|op_1~81            ; |vs210_mul|v210_mul:inst|lpm_mult:Mult0|mult_5f01:auto_generated|op_1~81                    ; combout          ;
; |vs210_mul|v210_mul:inst|lpm_mult:Mult0|mult_5f01:auto_generated|op_2~69            ; |vs210_mul|v210_mul:inst|lpm_mult:Mult0|mult_5f01:auto_generated|op_2~69                    ; combout          ;
; |vs210_mul|v210_mul:inst|lpm_mult:Mult0|mult_5f01:auto_generated|op_1~83            ; |vs210_mul|v210_mul:inst|lpm_mult:Mult0|mult_5f01:auto_generated|op_1~83                    ; combout          ;
; |vs210_mul|v210_mul:inst|lpm_mult:Mult0|mult_5f01:auto_generated|op_1~83            ; |vs210_mul|v210_mul:inst|lpm_mult:Mult0|mult_5f01:auto_generated|op_1~84                    ; cout0            ;
; |vs210_mul|v210_mul:inst|lpm_mult:Mult0|mult_5f01:auto_generated|op_1~83            ; |vs210_mul|v210_mul:inst|lpm_mult:Mult0|mult_5f01:auto_generated|op_1~84COUT1_139           ; cout1            ;
; |vs210_mul|v210_mul:inst|lpm_mult:Mult0|mult_5f01:auto_generated|op_2~71            ; |vs210_mul|v210_mul:inst|lpm_mult:Mult0|mult_5f01:auto_generated|op_2~71                    ; combout          ;
; |vs210_mul|v210_mul:inst|lpm_mult:Mult0|mult_5f01:auto_generated|op_2~71            ; |vs210_mul|v210_mul:inst|lpm_mult:Mult0|mult_5f01:auto_generated|op_2~72                    ; cout             ;
; |vs210_mul|v210_mul:inst|lpm_mult:Mult0|mult_5f01:auto_generated|op_1~85            ; |vs210_mul|v210_mul:inst|lpm_mult:Mult0|mult_5f01:auto_generated|op_1~86                    ; cout             ;
; |vs210_mul|v210_mul:inst|lpm_mult:Mult0|mult_5f01:auto_generated|op_2~73            ; |vs210_mul|v210_mul:inst|lpm_mult:Mult0|mult_5f01:auto_generated|op_2~73                    ; combout          ;
; |vs210_mul|v210_mul:inst|lpm_mult:Mult0|mult_5f01:auto_generated|op_2~73            ; |vs210_mul|v210_mul:inst|lpm_mult:Mult0|mult_5f01:auto_generated|op_2~74                    ; cout0            ;
; |vs210_mul|v210_mul:inst|lpm_mult:Mult0|mult_5f01:auto_generated|op_2~73            ; |vs210_mul|v210_mul:inst|lpm_mult:Mult0|mult_5f01:auto_generated|op_2~74COUT1_117           ; cout1            ;
; |vs210_mul|v210_mul:inst|lpm_mult:Mult0|mult_5f01:auto_generated|op_1~87            ; |vs210_mul|v210_mul:inst|lpm_mult:Mult0|mult_5f01:auto_generated|op_1~88                    ; cout0            ;
; |vs210_mul|v210_mul:inst|lpm_mult:Mult0|mult_5f01:auto_generated|op_1~87            ; |vs210_mul|v210_mul:inst|lpm_mult:Mult0|mult_5f01:auto_generated|op_1~88COUT1_137           ; cout1            ;
; |vs210_mul|v210_mul:inst|lpm_mult:Mult0|mult_5f01:auto_generated|op_2~75            ; |vs210_mul|v210_mul:inst|lpm_mult:Mult0|mult_5f01:auto_generated|op_2~76                    ; cout0            ;
; |vs210_mul|v210_mul:inst|lpm_mult:Mult0|mult_5f01:auto_generated|op_2~75            ; |vs210_mul|v210_mul:inst|lpm_mult:Mult0|mult_5f01:auto_generated|op_2~76COUT1_115           ; cout1            ;
; |vs210_mul|v210_mul:inst|lpm_mult:Mult0|mult_5f01:auto_generated|op_1~89            ; |vs210_mul|v210_mul:inst|lpm_mult:Mult0|mult_5f01:auto_generated|op_1~90COUT1_135           ; cout1            ;
; |vs210_mul|v210_mul:inst|lpm_mult:Mult0|mult_5f01:auto_generated|op_1~91            ; |vs210_mul|v210_mul:inst|lpm_mult:Mult0|mult_5f01:auto_generated|op_1~92                    ; cout0            ;
; |vs210_mul|v210_mul:inst|lpm_mult:Mult0|mult_5f01:auto_generated|op_2~79            ; |vs210_mul|v210_mul:inst|lpm_mult:Mult0|mult_5f01:auto_generated|op_2~80                    ; cout0            ;
; |vs210_mul|v210_mul:inst|lpm_mult:Mult0|mult_5f01:auto_generated|op_1~93            ; |vs210_mul|v210_mul:inst|lpm_mult:Mult0|mult_5f01:auto_generated|op_1~94                    ; cout0            ;
; |vs210_mul|v210_mul:inst|lpm_mult:Mult0|mult_5f01:auto_generated|op_1~99            ; |vs210_mul|v210_mul:inst|lpm_mult:Mult0|mult_5f01:auto_generated|op_1~100COUT1_127          ; cout1            ;
; |vs210_mul|v210_mul:inst|lpm_mult:Mult0|mult_5f01:auto_generated|op_2~87            ; |vs210_mul|v210_mul:inst|lpm_mult:Mult0|mult_5f01:auto_generated|op_2~88COUT1_105           ; cout1            ;
; |vs210_mul|v210_mul:inst|lpm_mult:Mult0|mult_5f01:auto_generated|op_1~101           ; |vs210_mul|v210_mul:inst|lpm_mult:Mult0|mult_5f01:auto_generated|op_1~102COUT1_125          ; cout1            ;
; |vs210_mul|v210_mul:inst|lpm_mult:Mult0|mult_5f01:auto_generated|op_2~89            ; |vs210_mul|v210_mul:inst|lpm_mult:Mult0|mult_5f01:auto_generated|op_2~90                    ; cout0            ;
; |vs210_mul|v210_mul:inst|lpm_mult:Mult0|mult_5f01:auto_generated|op_2~89            ; |vs210_mul|v210_mul:inst|lpm_mult:Mult0|mult_5f01:auto_generated|op_2~90COUT1_103           ; cout1            ;
; |vs210_mul|v210_mul:inst|lpm_mult:Mult0|mult_5f01:auto_generated|op_1~103           ; |vs210_mul|v210_mul:inst|lpm_mult:Mult0|mult_5f01:auto_generated|op_1~104COUT1_123          ; cout1            ;
; |vs210_mul|v210_mul:inst|lpm_mult:Mult0|mult_5f01:auto_generated|op_2~91            ; |vs210_mul|v210_mul:inst|lpm_mult:Mult0|mult_5f01:auto_generated|op_2~92                    ; cout             ;
; |vs210_mul|v210_mul:inst|lpm_mult:Mult0|mult_5f01:auto_generated|cs1a[0]            ; |vs210_mul|v210_mul:inst|lpm_mult:Mult0|mult_5f01:auto_generated|cs1a[0]                    ; combout          ;
; |vs210_mul|v210_mul:inst|lpm_mult:Mult0|mult_5f01:auto_generated|cs1a[0]            ; |vs210_mul|v210_mul:inst|lpm_mult:Mult0|mult_5f01:auto_generated|cs1a[0]~COUT               ; cout0            ;
; |vs210_mul|v210_mul:inst|lpm_mult:Mult0|mult_5f01:auto_generated|cs1a[0]            ; |vs210_mul|v210_mul:inst|lpm_mult:Mult0|mult_5f01:auto_generated|cs1a[0]~COUTCOUT1_75       ; cout1            ;
; |vs210_mul|v210_mul:inst|lpm_mult:Mult0|mult_5f01:auto_generated|add20_result[6]~14 ; |vs210_mul|v210_mul:inst|lpm_mult:Mult0|mult_5f01:auto_generated|add20_result[6]~14         ; combout          ;
; |vs210_mul|v210_mul:inst|lpm_mult:Mult0|mult_5f01:auto_generated|add20_result[5]~16 ; |vs210_mul|v210_mul:inst|lpm_mult:Mult0|mult_5f01:auto_generated|add20_result[5]~16         ; combout          ;
; |vs210_mul|v210_mul:inst|lpm_mult:Mult0|mult_5f01:auto_generated|add20_result[5]~16 ; |vs210_mul|v210_mul:inst|lpm_mult:Mult0|mult_5f01:auto_generated|add20_result[5]~17         ; cout0            ;
; |vs210_mul|v210_mul:inst|lpm_mult:Mult0|mult_5f01:auto_generated|add20_result[5]~16 ; |vs210_mul|v210_mul:inst|lpm_mult:Mult0|mult_5f01:auto_generated|add20_result[5]~17COUT1_43 ; cout1            ;
; |vs210_mul|v210_mul:inst|lpm_mult:Mult0|mult_5f01:auto_generated|add20_result[4]~18 ; |vs210_mul|v210_mul:inst|lpm_mult:Mult0|mult_5f01:auto_generated|add20_result[4]~19         ; cout0            ;
; |vs210_mul|v210_mul:inst|lpm_mult:Mult0|mult_5f01:auto_generated|add20_result[4]~18 ; |vs210_mul|v210_mul:inst|lpm_mult:Mult0|mult_5f01:auto_generated|add20_result[4]~19COUT1_41 ; cout1            ;
; |vs210_mul|v210_mul:inst|lpm_mult:Mult0|mult_5f01:auto_generated|cs1a[2]            ; |vs210_mul|v210_mul:inst|lpm_mult:Mult0|mult_5f01:auto_generated|cs1a[2]                    ; combout          ;
; |vs210_mul|v210_mul:inst|lpm_mult:Mult0|mult_5f01:auto_generated|cs1a[2]            ; |vs210_mul|v210_mul:inst|lpm_mult:Mult0|mult_5f01:auto_generated|cs1a[2]~COUT               ; cout0            ;
; |vs210_mul|v210_mul:inst|lpm_mult:Mult0|mult_5f01:auto_generated|cs1a[2]            ; |vs210_mul|v210_mul:inst|lpm_mult:Mult0|mult_5f01:auto_generated|cs1a[2]~COUTCOUT1_79       ; cout1            ;
; |vs210_mul|v210_mul:inst|lpm_mult:Mult0|mult_5f01:auto_generated|cs2a[1]            ; |vs210_mul|v210_mul:inst|lpm_mult:Mult0|mult_5f01:auto_generated|cs2a[1]                    ; combout          ;
; |vs210_mul|v210_mul:inst|lpm_mult:Mult0|mult_5f01:auto_generated|cs2a[1]            ; |vs210_mul|v210_mul:inst|lpm_mult:Mult0|mult_5f01:auto_generated|cs2a[1]~COUT               ; cout0            ;
; |vs210_mul|v210_mul:inst|lpm_mult:Mult0|mult_5f01:auto_generated|cs2a[1]            ; |vs210_mul|v210_mul:inst|lpm_mult:Mult0|mult_5f01:auto_generated|cs2a[1]~COUTCOUT1_70       ; cout1            ;
; |vs210_mul|v210_mul:inst|lpm_mult:Mult0|mult_5f01:auto_generated|cs1a[1]            ; |vs210_mul|v210_mul:inst|lpm_mult:Mult0|mult_5f01:auto_generated|cs1a[1]                    ; combout          ;
; |vs210_mul|v210_mul:inst|lpm_mult:Mult0|mult_5f01:auto_generated|cs1a[1]            ; |vs210_mul|v210_mul:inst|lpm_mult:Mult0|mult_5f01:auto_generated|cs1a[1]~COUT               ; cout0            ;
; |vs210_mul|v210_mul:inst|lpm_mult:Mult0|mult_5f01:auto_generated|cs1a[1]            ; |vs210_mul|v210_mul:inst|lpm_mult:Mult0|mult_5f01:auto_generated|cs1a[1]~COUTCOUT1_77       ; cout1            ;
; |vs210_mul|v210_mul:inst|lpm_mult:Mult0|mult_5f01:auto_generated|le4a[0]            ; |vs210_mul|v210_mul:inst|lpm_mult:Mult0|mult_5f01:auto_generated|le4a[0]                    ; combout          ;
; |vs210_mul|v210_mul:inst|lpm_mult:Mult0|mult_5f01:auto_generated|cs2a[0]            ; |vs210_mul|v210_mul:inst|lpm_mult:Mult0|mult_5f01:auto_generated|cs2a[0]                    ; combout          ;
; |vs210_mul|v210_mul:inst|lpm_mult:Mult0|mult_5f01:auto_generated|cs2a[0]            ; |vs210_mul|v210_mul:inst|lpm_mult:Mult0|mult_5f01:auto_generated|cs2a[0]~COUT               ; cout0            ;
; |vs210_mul|v210_mul:inst|lpm_mult:Mult0|mult_5f01:auto_generated|cs2a[0]            ; |vs210_mul|v210_mul:inst|lpm_mult:Mult0|mult_5f01:auto_generated|cs2a[0]~COUTCOUT1_68       ; cout1            ;
; |vs210_mul|v210_mul:inst|lpm_mult:Mult0|mult_5f01:auto_generated|cs1a[3]            ; |vs210_mul|v210_mul:inst|lpm_mult:Mult0|mult_5f01:auto_generated|cs1a[3]                    ; combout          ;
; |vs210_mul|v210_mul:inst|lpm_mult:Mult0|mult_5f01:auto_generated|le6a[8]            ; |vs210_mul|v210_mul:inst|lpm_mult:Mult0|mult_5f01:auto_generated|le6a[8]                    ; combout          ;
; |vs210_mul|v210_mul:inst|lpm_mult:Mult0|mult_5f01:auto_generated|le7a[7]            ; |vs210_mul|v210_mul:inst|lpm_mult:Mult0|mult_5f01:auto_generated|le7a[7]                    ; combout          ;
; |vs210_mul|v210_mul:inst|lpm_mult:Mult0|mult_5f01:auto_generated|cs2a[3]            ; |vs210_mul|v210_mul:inst|lpm_mult:Mult0|mult_5f01:auto_generated|cs2a[3]                    ; combout          ;
; |vs210_mul|v210_mul:inst|lpm_mult:Mult0|mult_5f01:auto_generated|le6a[7]            ; |vs210_mul|v210_mul:inst|lpm_mult:Mult0|mult_5f01:auto_generated|le6a[7]                    ; combout          ;
; |vs210_mul|v210_mul:inst|lpm_mult:Mult0|mult_5f01:auto_generated|le7a[6]            ; |vs210_mul|v210_mul:inst|lpm_mult:Mult0|mult_5f01:auto_generated|le7a[6]                    ; combout          ;
; |vs210_mul|v210_mul:inst|lpm_mult:Mult0|mult_5f01:auto_generated|le7a[5]            ; |vs210_mul|v210_mul:inst|lpm_mult:Mult0|mult_5f01:auto_generated|le7a[5]                    ; combout          ;
; |vs210_mul|v210_mul:inst|lpm_mult:Mult0|mult_5f01:auto_generated|cs2a[2]            ; |vs210_mul|v210_mul:inst|lpm_mult:Mult0|mult_5f01:auto_generated|cs2a[2]                    ; combout          ;
; |vs210_mul|v210_mul:inst|lpm_mult:Mult0|mult_5f01:auto_generated|cs2a[2]            ; |vs210_mul|v210_mul:inst|lpm_mult:Mult0|mult_5f01:auto_generated|cs2a[2]~COUT               ; cout0            ;
; |vs210_mul|v210_mul:inst|lpm_mult:Mult0|mult_5f01:auto_generated|cs2a[2]            ; |vs210_mul|v210_mul:inst|lpm_mult:Mult0|mult_5f01:auto_generated|cs2a[2]~COUTCOUT1_72       ; cout1            ;
; |vs210_mul|v210_mul:inst|lpm_mult:Mult0|mult_5f01:auto_generated|le5a[8]            ; |vs210_mul|v210_mul:inst|lpm_mult:Mult0|mult_5f01:auto_generated|le5a[8]                    ; combout          ;
; |vs210_mul|v210_mul:inst|lpm_mult:Mult0|mult_5f01:auto_generated|le6a[6]            ; |vs210_mul|v210_mul:inst|lpm_mult:Mult0|mult_5f01:auto_generated|le6a[6]                    ; combout          ;
; |vs210_mul|v210_mul:inst|lpm_mult:Mult0|mult_5f01:auto_generated|le6a[5]            ; |vs210_mul|v210_mul:inst|lpm_mult:Mult0|mult_5f01:auto_generated|le6a[5]                    ; combout          ;
; |vs210_mul|v210_mul:inst|lpm_mult:Mult0|mult_5f01:auto_generated|le5a[4]            ; |vs210_mul|v210_mul:inst|lpm_mult:Mult0|mult_5f01:auto_generated|le5a[4]                    ; combout          ;
; |vs210_mul|v210_mul:inst|lpm_mult:Mult0|mult_5f01:auto_generated|le5a[3]            ; |vs210_mul|v210_mul:inst|lpm_mult:Mult0|mult_5f01:auto_generated|le5a[3]                    ; combout          ;
; |vs210_mul|v210_mul:inst|lpm_mult:Mult0|mult_5f01:auto_generated|le5a[2]            ; |vs210_mul|v210_mul:inst|lpm_mult:Mult0|mult_5f01:auto_generated|le5a[2]                    ; combout          ;
; |vs210_mul|v210_mul:inst|lpm_mult:Mult0|mult_5f01:auto_generated|le3a[6]            ; |vs210_mul|v210_mul:inst|lpm_mult:Mult0|mult_5f01:auto_generated|le3a[6]                    ; combout          ;
; |vs210_mul|v210_mul:inst|lpm_mult:Mult0|mult_5f01:auto_generated|le5a[1]            ; |vs210_mul|v210_mul:inst|lpm_mult:Mult0|mult_5f01:auto_generated|le5a[1]                    ; combout          ;
; |vs210_mul|v210_mul:inst|lpm_mult:Mult0|mult_5f01:auto_generated|le5a[0]            ; |vs210_mul|v210_mul:inst|lpm_mult:Mult0|mult_5f01:auto_generated|le5a[0]                    ; combout          ;
; |vs210_mul|v210_mul:inst|lpm_mult:Mult0|mult_5f01:auto_generated|le5a[7]            ; |vs210_mul|v210_mul:inst|lpm_mult:Mult0|mult_5f01:auto_generated|le5a[7]                    ; combout          ;
; |vs210_mul|v210_mul:inst|lpm_mult:Mult0|mult_5f01:auto_generated|le4a[8]            ; |vs210_mul|v210_mul:inst|lpm_mult:Mult0|mult_5f01:auto_generated|le4a[8]                    ; combout          ;
; |vs210_mul|v210_mul:inst|lpm_mult:Mult0|mult_5f01:auto_generated|le5a[6]            ; |vs210_mul|v210_mul:inst|lpm_mult:Mult0|mult_5f01:auto_generated|le5a[6]                    ; combout          ;
; |vs210_mul|v210_mul:inst|lpm_mult:Mult0|mult_5f01:auto_generated|le4a[7]            ; |vs210_mul|v210_mul:inst|lpm_mult:Mult0|mult_5f01:auto_generated|le4a[7]                    ; combout          ;
; |vs210_mul|v210_mul:inst|lpm_mult:Mult0|mult_5f01:auto_generated|le5a[5]            ; |vs210_mul|v210_mul:inst|lpm_mult:Mult0|mult_5f01:auto_generated|le5a[5]                    ; combout          ;
; |vs210_mul|v210_mul:inst|lpm_mult:Mult0|mult_5f01:auto_generated|le3a[8]            ; |vs210_mul|v210_mul:inst|lpm_mult:Mult0|mult_5f01:auto_generated|le3a[8]                    ; combout          ;
; |vs210_mul|v210_mul:inst|lpm_mult:Mult0|mult_5f01:auto_generated|le3a[7]            ; |vs210_mul|v210_mul:inst|lpm_mult:Mult0|mult_5f01:auto_generated|le3a[7]                    ; combout          ;
; |vs210_mul|b[1]                                                                     ; |vs210_mul|b[1]~corein                                                                      ; combout          ;
; |vs210_mul|a[7]                                                                     ; |vs210_mul|a[7]~corein                                                                      ; combout          ;
; |vs210_mul|b[7]                                                                     ; |vs210_mul|b[7]~corein                                                                      ; combout          ;
; |vs210_mul|a[6]                                                                     ; |vs210_mul|a[6]~corein                                                                      ; combout          ;
; |vs210_mul|a[5]                                                                     ; |vs210_mul|a[5]~corein                                                                      ; combout          ;
; |vs210_mul|b[5]                                                                     ; |vs210_mul|b[5]~corein                                                                      ; combout          ;
; |vs210_mul|b[4]                                                                     ; |vs210_mul|b[4]~corein                                                                      ; combout          ;
; |vs210_mul|b[2]                                                                     ; |vs210_mul|b[2]~corein                                                                      ; combout          ;
; |vs210_mul|b[3]                                                                     ; |vs210_mul|b[3]~corein                                                                      ; combout          ;
; |vs210_mul|b[0]                                                                     ; |vs210_mul|b[0]~corein                                                                      ; combout          ;
; |vs210_mul|b[6]                                                                     ; |vs210_mul|b[6]~corein                                                                      ; combout          ;
; |vs210_mul|p[15]                                                                    ; |vs210_mul|p[15]                                                                            ; padio            ;
; |vs210_mul|p[14]                                                                    ; |vs210_mul|p[14]                                                                            ; padio            ;
+-------------------------------------------------------------------------------------+---------------------------------------------------------------------------------------------+------------------+


+---------------------+
; Simulator INI Usage ;
+--------+------------+
; Option ; Usage      ;
+--------+------------+


+--------------------+
; Simulator Messages ;
+--------------------+
Info: *******************************************************************
Info: Running Quartus II Simulator
    Info: Version 8.1 Build 163 10/28/2008 SJ Web Edition
    Info: Processing started: Wed Oct 19 11:52:53 2022
Info: Command: quartus_sim --read_settings_files=on --write_settings_files=off lab2_2 -c lab2_2
Info: Using vector source file "C:/Users/Вчеслав/Desktop/labs5/Проектирование цифровых устройств/lab2/2_2/w210_mul.vwf"
Info: Option to preserve fewer signal transitions to reduce memory requirements is enabled
    Info: Simulation has been partitioned into sub-simulations according to the maximum transition count determined by the engine. Transitions from memory will be flushed out to disk at the end of each sub-simulation to reduce memory requirements.
Info: Simulation partitioned into 1 sub-simulations
Info: Simulation coverage is      57.78 %
Info: Number of transitions in simulation is 2146
Info: Quartus II Simulator was successful. 0 errors, 0 warnings
    Info: Peak virtual memory: 158 megabytes
    Info: Processing ended: Wed Oct 19 11:52:53 2022
    Info: Elapsed time: 00:00:00
    Info: Total CPU time (on all processors): 00:00:00


