Classic Timing Analyzer report for lab2_2
Tue Sep 20 12:24:44 2022
Quartus II Version 8.1 Build 163 10/28/2008 SJ Web Edition


---------------------
; Table of Contents ;
---------------------
  1. Legal Notice
  2. Timing Analyzer Summary
  3. Timing Analyzer Settings
  4. tpd
  5. Timing Analyzer Messages



----------------
; Legal Notice ;
----------------
Copyright (C) 1991-2008 Altera Corporation
Your use of Altera Corporation's design tools, logic functions 
and other software and tools, and its AMPP partner logic 
functions, and any output files from any of the foregoing 
(including device programming or simulation files), and any 
associated documentation or information are expressly subject 
to the terms and conditions of the Altera Program License 
Subscription Agreement, Altera MegaCore Function License 
Agreement, or other applicable license agreement, including, 
without limitation, that your use is for the sole purpose of 
programming logic devices manufactured by Altera and sold by 
Altera or its authorized distributors.  Please refer to the 
applicable agreement for further details.



+--------------------------------------------------------------------------------------------------------------------------+
; Timing Analyzer Summary                                                                                                  ;
+------------------------------+-------+---------------+-------------+------+-------+------------+----------+--------------+
; Type                         ; Slack ; Required Time ; Actual Time ; From ; To    ; From Clock ; To Clock ; Failed Paths ;
+------------------------------+-------+---------------+-------------+------+-------+------------+----------+--------------+
; Worst-case tpd               ; N/A   ; None          ; 8.913 ns    ; d[1] ; vq[2] ; --         ; --       ; 0            ;
; Total number of failed paths ;       ;               ;             ;      ;       ;            ;          ; 0            ;
+------------------------------+-------+---------------+-------------+------+-------+------------+----------+--------------+


+--------------------------------------------------------------------------------------------------------------------+
; Timing Analyzer Settings                                                                                           ;
+---------------------------------------------------------------------+--------------------+------+----+-------------+
; Option                                                              ; Setting            ; From ; To ; Entity Name ;
+---------------------------------------------------------------------+--------------------+------+----+-------------+
; Device Name                                                         ; EPM240T100C5       ;      ;    ;             ;
; Timing Models                                                       ; Final              ;      ;    ;             ;
; Default hold multicycle                                             ; Same as Multicycle ;      ;    ;             ;
; Cut paths between unrelated clock domains                           ; On                 ;      ;    ;             ;
; Cut off read during write signal paths                              ; On                 ;      ;    ;             ;
; Cut off feedback from I/O pins                                      ; On                 ;      ;    ;             ;
; Report Combined Fast/Slow Timing                                    ; Off                ;      ;    ;             ;
; Ignore Clock Settings                                               ; Off                ;      ;    ;             ;
; Analyze latches as synchronous elements                             ; On                 ;      ;    ;             ;
; Enable Recovery/Removal analysis                                    ; Off                ;      ;    ;             ;
; Enable Clock Latency                                                ; Off                ;      ;    ;             ;
; Use TimeQuest Timing Analyzer                                       ; Off                ;      ;    ;             ;
; Minimum Core Junction Temperature                                   ; 0                  ;      ;    ;             ;
; Maximum Core Junction Temperature                                   ; 85                 ;      ;    ;             ;
; Number of source nodes to report per destination node               ; 10                 ;      ;    ;             ;
; Number of destination nodes to report                               ; 10                 ;      ;    ;             ;
; Number of paths to report                                           ; 200                ;      ;    ;             ;
; Report Minimum Timing Checks                                        ; Off                ;      ;    ;             ;
; Use Fast Timing Models                                              ; Off                ;      ;    ;             ;
; Report IO Paths Separately                                          ; Off                ;      ;    ;             ;
; Perform Multicorner Analysis                                        ; Off                ;      ;    ;             ;
; Reports the worst-case path for each clock domain and analysis      ; Off                ;      ;    ;             ;
; Removes common clock path pessimism (CCPP) during slack computation ; Off                ;      ;    ;             ;
; Output I/O Timing Endpoint                                          ; Near End           ;      ;    ;             ;
+---------------------------------------------------------------------+--------------------+------+----+-------------+


+------------------------------------------------------------+
; tpd                                                        ;
+-------+-------------------+-----------------+------+-------+
; Slack ; Required P2P Time ; Actual P2P Time ; From ; To    ;
+-------+-------------------+-----------------+------+-------+
; N/A   ; None              ; 8.913 ns        ; d[1] ; vq[2] ;
; N/A   ; None              ; 8.903 ns        ; d[2] ; vq[2] ;
; N/A   ; None              ; 8.899 ns        ; d[0] ; sp    ;
; N/A   ; None              ; 8.846 ns        ; d[1] ; vq[3] ;
; N/A   ; None              ; 8.795 ns        ; d[0] ; vp    ;
; N/A   ; None              ; 8.792 ns        ; d[2] ; sp    ;
; N/A   ; None              ; 8.688 ns        ; d[2] ; vp    ;
; N/A   ; None              ; 8.627 ns        ; d[3] ; vq[3] ;
; N/A   ; None              ; 8.601 ns        ; d[2] ; vq[3] ;
; N/A   ; None              ; 8.518 ns        ; c    ; sp    ;
; N/A   ; None              ; 8.467 ns        ; d[0] ; vq[3] ;
; N/A   ; None              ; 8.457 ns        ; d[1] ; sp    ;
; N/A   ; None              ; 8.422 ns        ; d[1] ; vq[1] ;
; N/A   ; None              ; 8.422 ns        ; d[1] ; sq[1] ;
; N/A   ; None              ; 8.419 ns        ; d[1] ; sq[2] ;
; N/A   ; None              ; 8.414 ns        ; c    ; vp    ;
; N/A   ; None              ; 8.409 ns        ; d[2] ; sq[2] ;
; N/A   ; None              ; 8.353 ns        ; d[1] ; vp    ;
; N/A   ; None              ; 8.207 ns        ; d[0] ; vq[2] ;
; N/A   ; None              ; 8.184 ns        ; d[3] ; sp    ;
; N/A   ; None              ; 8.086 ns        ; c    ; vq[3] ;
; N/A   ; None              ; 8.080 ns        ; d[3] ; vp    ;
; N/A   ; None              ; 8.035 ns        ; c    ; vq[2] ;
; N/A   ; None              ; 8.010 ns        ; d[1] ; sq[3] ;
; N/A   ; None              ; 7.829 ns        ; d[0] ; sq[0] ;
; N/A   ; None              ; 7.791 ns        ; d[3] ; sq[3] ;
; N/A   ; None              ; 7.765 ns        ; d[2] ; sq[3] ;
; N/A   ; None              ; 7.713 ns        ; d[0] ; sq[2] ;
; N/A   ; None              ; 7.681 ns        ; d[0] ; vq[0] ;
; N/A   ; None              ; 7.631 ns        ; d[0] ; sq[3] ;
; N/A   ; None              ; 7.541 ns        ; c    ; sq[2] ;
; N/A   ; None              ; 7.540 ns        ; c    ; vq[1] ;
; N/A   ; None              ; 7.540 ns        ; c    ; sq[1] ;
; N/A   ; None              ; 7.446 ns        ; c    ; sq[0] ;
; N/A   ; None              ; 7.382 ns        ; d[0] ; vq[1] ;
; N/A   ; None              ; 7.382 ns        ; d[0] ; sq[1] ;
; N/A   ; None              ; 7.298 ns        ; c    ; vq[0] ;
; N/A   ; None              ; 7.250 ns        ; c    ; sq[3] ;
+-------+-------------------+-----------------+------+-------+


+--------------------------+
; Timing Analyzer Messages ;
+--------------------------+
Info: *******************************************************************
Info: Running Quartus II Classic Timing Analyzer
    Info: Version 8.1 Build 163 10/28/2008 SJ Web Edition
    Info: Processing started: Tue Sep 20 12:24:44 2022
Info: Command: quartus_tan --read_settings_files=off --write_settings_files=off lab2_2 -c lab2_2
Info: Started post-fitting delay annotation
Info: Delay annotation completed successfully
Info: Longest tpd from source pin "d[1]" to destination pin "vq[2]" is 8.913 ns
    Info: 1: + IC(0.000 ns) + CELL(1.132 ns) = 1.132 ns; Loc. = PIN_42; Fanout = 4; PIN Node = 'd[1]'
    Info: 2: + IC(2.789 ns) + CELL(0.200 ns) = 4.121 ns; Loc. = LC_X2_Y3_N9; Fanout = 2; COMB Node = 'v25_inc:inst1|Add0~116'
    Info: 3: + IC(2.470 ns) + CELL(2.322 ns) = 8.913 ns; Loc. = PIN_2; Fanout = 0; PIN Node = 'vq[2]'
    Info: Total cell delay = 3.654 ns ( 41.00 % )
    Info: Total interconnect delay = 5.259 ns ( 59.00 % )
Info: Quartus II Classic Timing Analyzer was successful. 0 errors, 0 warnings
    Info: Peak virtual memory: 179 megabytes
    Info: Processing ended: Tue Sep 20 12:24:44 2022
    Info: Elapsed time: 00:00:00
    Info: Total CPU time (on all processors): 00:00:00


