Classic Timing Analyzer report for 3_1-3_3
Thu Oct 20 21:13:57 2022
Quartus II Version 8.1 Build 163 10/28/2008 SJ Web Edition


---------------------
; Table of Contents ;
---------------------
  1. Legal Notice
  2. Timing Analyzer Summary
  3. Timing Analyzer Settings
  4. tpd
  5. Timing Analyzer Messages



----------------
; Legal Notice ;
----------------
Copyright (C) 1991-2008 Altera Corporation
Your use of Altera Corporation's design tools, logic functions 
and other software and tools, and its AMPP partner logic 
functions, and any output files from any of the foregoing 
(including device programming or simulation files), and any 
associated documentation or information are expressly subject 
to the terms and conditions of the Altera Program License 
Subscription Agreement, Altera MegaCore Function License 
Agreement, or other applicable license agreement, including, 
without limitation, that your use is for the sole purpose of 
programming logic devices manufactured by Altera and sold by 
Altera or its authorized distributors.  Please refer to the 
applicable agreement for further details.



+-----------------------------------------------------------------------------------------------------------------------+
; Timing Analyzer Summary                                                                                               ;
+------------------------------+-------+---------------+-------------+------+----+------------+----------+--------------+
; Type                         ; Slack ; Required Time ; Actual Time ; From ; To ; From Clock ; To Clock ; Failed Paths ;
+------------------------------+-------+---------------+-------------+------+----+------------+----------+--------------+
; Worst-case tpd               ; N/A   ; None          ; 9.373 ns    ; k3   ; e  ; --         ; --       ; 0            ;
; Total number of failed paths ;       ;               ;             ;      ;    ;            ;          ; 0            ;
+------------------------------+-------+---------------+-------------+------+----+------------+----------+--------------+


+--------------------------------------------------------------------------------------------------------------------+
; Timing Analyzer Settings                                                                                           ;
+---------------------------------------------------------------------+--------------------+------+----+-------------+
; Option                                                              ; Setting            ; From ; To ; Entity Name ;
+---------------------------------------------------------------------+--------------------+------+----+-------------+
; Device Name                                                         ; EPM240T100C5       ;      ;    ;             ;
; Timing Models                                                       ; Final              ;      ;    ;             ;
; Default hold multicycle                                             ; Same as Multicycle ;      ;    ;             ;
; Cut paths between unrelated clock domains                           ; On                 ;      ;    ;             ;
; Cut off read during write signal paths                              ; On                 ;      ;    ;             ;
; Cut off feedback from I/O pins                                      ; On                 ;      ;    ;             ;
; Report Combined Fast/Slow Timing                                    ; Off                ;      ;    ;             ;
; Ignore Clock Settings                                               ; Off                ;      ;    ;             ;
; Analyze latches as synchronous elements                             ; On                 ;      ;    ;             ;
; Enable Recovery/Removal analysis                                    ; Off                ;      ;    ;             ;
; Enable Clock Latency                                                ; Off                ;      ;    ;             ;
; Use TimeQuest Timing Analyzer                                       ; Off                ;      ;    ;             ;
; Minimum Core Junction Temperature                                   ; 0                  ;      ;    ;             ;
; Maximum Core Junction Temperature                                   ; 85                 ;      ;    ;             ;
; Number of source nodes to report per destination node               ; 10                 ;      ;    ;             ;
; Number of destination nodes to report                               ; 10                 ;      ;    ;             ;
; Number of paths to report                                           ; 200                ;      ;    ;             ;
; Report Minimum Timing Checks                                        ; Off                ;      ;    ;             ;
; Use Fast Timing Models                                              ; Off                ;      ;    ;             ;
; Report IO Paths Separately                                          ; Off                ;      ;    ;             ;
; Perform Multicorner Analysis                                        ; Off                ;      ;    ;             ;
; Reports the worst-case path for each clock domain and analysis      ; Off                ;      ;    ;             ;
; Removes common clock path pessimism (CCPP) during slack computation ; Off                ;      ;    ;             ;
; Output I/O Timing Endpoint                                          ; Near End           ;      ;    ;             ;
+---------------------------------------------------------------------+--------------------+------+----+-------------+


+---------------------------------------------------------+
; tpd                                                     ;
+-------+-------------------+-----------------+------+----+
; Slack ; Required P2P Time ; Actual P2P Time ; From ; To ;
+-------+-------------------+-----------------+------+----+
; N/A   ; None              ; 9.373 ns        ; k3   ; e  ;
; N/A   ; None              ; 9.339 ns        ; k4   ; e  ;
; N/A   ; None              ; 8.983 ns        ; k1   ; e  ;
; N/A   ; None              ; 8.835 ns        ; k2   ; e  ;
; N/A   ; None              ; 8.665 ns        ; k1   ; c  ;
; N/A   ; None              ; 8.543 ns        ; k1   ; a  ;
; N/A   ; None              ; 8.516 ns        ; k1   ; b  ;
; N/A   ; None              ; 8.509 ns        ; k3   ; c  ;
; N/A   ; None              ; 8.505 ns        ; k1   ; d  ;
; N/A   ; None              ; 8.369 ns        ; k3   ; b  ;
; N/A   ; None              ; 8.364 ns        ; k3   ; a  ;
; N/A   ; None              ; 8.361 ns        ; k3   ; d  ;
; N/A   ; None              ; 8.040 ns        ; k4   ; c  ;
; N/A   ; None              ; 7.971 ns        ; k2   ; c  ;
; N/A   ; None              ; 7.919 ns        ; k4   ; a  ;
; N/A   ; None              ; 7.895 ns        ; k4   ; b  ;
; N/A   ; None              ; 7.887 ns        ; k4   ; d  ;
; N/A   ; None              ; 7.831 ns        ; k2   ; b  ;
; N/A   ; None              ; 7.825 ns        ; k2   ; a  ;
; N/A   ; None              ; 7.824 ns        ; k2   ; d  ;
; N/A   ; None              ; 7.188 ns        ; k1   ; f  ;
; N/A   ; None              ; 7.179 ns        ; k1   ; g  ;
; N/A   ; None              ; 7.019 ns        ; k3   ; g  ;
; N/A   ; None              ; 7.013 ns        ; k3   ; f  ;
; N/A   ; None              ; 6.563 ns        ; k4   ; f  ;
; N/A   ; None              ; 6.554 ns        ; k4   ; g  ;
; N/A   ; None              ; 6.481 ns        ; k2   ; g  ;
; N/A   ; None              ; 6.473 ns        ; k2   ; f  ;
+-------+-------------------+-----------------+------+----+


+--------------------------+
; Timing Analyzer Messages ;
+--------------------------+
Info: *******************************************************************
Info: Running Quartus II Classic Timing Analyzer
    Info: Version 8.1 Build 163 10/28/2008 SJ Web Edition
    Info: Processing started: Thu Oct 20 21:13:57 2022
Info: Command: quartus_tan --read_settings_files=off --write_settings_files=off 3_1-3_3 -c 3_1-3_3
Info: Started post-fitting delay annotation
Info: Delay annotation completed successfully
Info: Longest tpd from source pin "k3" to destination pin "e" is 9.373 ns
    Info: 1: + IC(0.000 ns) + CELL(1.132 ns) = 1.132 ns; Loc. = PIN_3; Fanout = 7; PIN Node = 'k3'
    Info: 2: + IC(2.418 ns) + CELL(0.511 ns) = 4.061 ns; Loc. = LC_X2_Y3_N7; Fanout = 1; COMB Node = 'v32_indicator:inst|e~116'
    Info: 3: + IC(2.990 ns) + CELL(2.322 ns) = 9.373 ns; Loc. = PIN_52; Fanout = 0; PIN Node = 'e'
    Info: Total cell delay = 3.965 ns ( 42.30 % )
    Info: Total interconnect delay = 5.408 ns ( 57.70 % )
Info: Quartus II Classic Timing Analyzer was successful. 0 errors, 0 warnings
    Info: Peak virtual memory: 177 megabytes
    Info: Processing ended: Thu Oct 20 21:13:57 2022
    Info: Elapsed time: 00:00:00
    Info: Total CPU time (on all processors): 00:00:00


