--------------------------------------------------------------------------------------
Timing Analyzer Summary
--------------------------------------------------------------------------------------

Type           : Worst-case tco
Slack          : N/A
Required Time  : None
Actual Time    : 6.849 ns
From           : 4count:inst|45~DUPLICATE
To             : q[1]
From Clock     : c
To Clock       : --
Failed Paths   : 0

Type           : Worst-case tpd
Slack          : N/A
Required Time  : None
Actual Time    : 8.591 ns
From           : n[1]
To             : pwm
From Clock     : --
To Clock       : --
Failed Paths   : 0

Type           : Clock Setup: 'c'
Slack          : N/A
Required Time  : None
Actual Time    : Restricted to 500.00 MHz ( period = 2.000 ns )
From           : 4count:inst|46
To             : 4count:inst|43
From Clock     : c
To Clock       : c
Failed Paths   : 0

Type           : Total number of failed paths
Slack          : 
Required Time  : 
Actual Time    : 
From           : 
To             : 
From Clock     : 
To Clock       : 
Failed Paths   : 0

--------------------------------------------------------------------------------------

